# acceptance_report fixture: v149 (run 35921558856) gate/server.log, only the lines the report reads, in log order.
# fast_serving_phases blocks are trimmed to position/rows/committed and verifier.{users,packed,segment};
# every other line is verbatim.
(EngineCore pid=57) 2026-09-23 21:22:30.660 | INFO     | serving_worker_hook:_execute:229 - [PHASE] execute total=16 new=0 cached=1 spec=1 finished=[] preempted=[]
(EngineCore pid=57) 2026-09-23 21:22:32.687 | INFO     | serving_worker_hook:_execute:229 - [PHASE] execute total=16 new=0 cached=1 spec=1 finished=[] preempted=[]
(EngineCore pid=57) 2026-09-23 21:22:34.171 | INFO     | serving_worker_hook:_execute:229 - [PHASE] execute total=16 new=0 cached=1 spec=1 finished=[] preempted=[]
(EngineCore pid=57) 2026-09-23 21:22:35.649 | INFO     | serving_worker_hook:_execute:229 - [PHASE] execute total=16 new=0 cached=1 spec=1 finished=[] preempted=[]
(EngineCore pid=57) 2026-09-23 21:22:37.131 | INFO     | serving_worker_hook:_execute:229 - [PHASE] execute total=16 new=0 cached=1 spec=1 finished=[] preempted=[]
(EngineCore pid=57) 2026-09-23 21:22:38.123 | INFO     | serving_worker_hook:_execute:229 - [PHASE] execute total=16 new=0 cached=1 spec=1 finished=[] preempted=[]
(APIServer pid=7) INFO 09-23 21:22:38 [loggers.py:273] Engine 000: Avg prompt throughput: 3276.5 tokens/s, Avg generation throughput: 4.4 tokens/s, Running: 1 reqs, Waiting: 0 reqs, GPU KV cache usage: 99.6%, Prefix cache hit rate: 0.0%
(APIServer pid=7) INFO 09-23 21:22:38 [metrics.py:120] SpecDecoding metrics: Mean acceptance length: 7.17, Accepted throughput: 0.33 tokens/s, Drafted throughput: 0.80 tokens/s, Accepted: 37 tokens, Drafted: 90 tokens, Per-position acceptance rate: 0.833, 0.833, 0.833, 0.833, 0.667, 0.500, 0.500, 0.500, 0.500, 0.167, 0.000, 0.000, 0.000, 0.000, 0.000, Avg Draft acceptance rate: 41.1%
(EngineCore pid=57) 2026-09-23 21:22:38.234 | INFO     | serving_worker_hook:_execute:229 - [PHASE] execute total=16 new=0 cached=1 spec=1 finished=[] preempted=[]
(EngineCore pid=57) 2026-09-23 21:22:39.450 | INFO     | serving_worker_hook:_execute:229 - [PHASE] execute total=16 new=0 cached=1 spec=1 finished=[] preempted=[]
(EngineCore pid=57) 2026-09-23 21:22:39.554 | INFO     | serving_worker_hook:_execute:229 - [PHASE] execute total=16 new=0 cached=1 spec=1 finished=[] preempted=[]
(EngineCore pid=57) 2026-09-23 21:22:40.767 | INFO     | serving_worker_hook:_execute:229 - [PHASE] execute total=16 new=0 cached=1 spec=1 finished=[] preempted=[]
(EngineCore pid=57) 2026-09-23 21:22:42.257 | INFO     | serving_worker_hook:_execute:229 - [PHASE] execute total=16 new=0 cached=1 spec=1 finished=[] preempted=[]
(EngineCore pid=57) 2026-09-23 21:22:42.369 | INFO     | serving_worker_hook:_execute:229 - [PHASE] execute total=16 new=0 cached=1 spec=1 finished=[] preempted=[]
(EngineCore pid=57) 2026-09-23 21:22:42.482 | INFO     | serving_worker_hook:_execute:229 - [PHASE] execute total=16 new=0 cached=1 spec=1 finished=[] preempted=[]
(EngineCore pid=57) 2026-09-23 21:22:42.595 | INFO     | serving_worker_hook:_execute:229 - [PHASE] execute total=16 new=0 cached=1 spec=1 finished=[] preempted=[]
(EngineCore pid=57) 2026-09-23 21:22:42.696 | INFO     | serving_worker_hook:_execute:229 - [PHASE] execute total=16 new=0 cached=1 spec=1 finished=[] preempted=[]
(EngineCore pid=57) 2026-09-23 21:22:42.800 | INFO     | serving_worker_hook:_execute:229 - [PHASE] execute total=16 new=0 cached=1 spec=1 finished=[] preempted=[]
(EngineCore pid=57) 2026-09-23 21:22:42.903 | INFO     | serving_worker_hook:_execute:229 - [PHASE] execute total=16 new=0 cached=1 spec=1 finished=[] preempted=[]
(EngineCore pid=57) 2026-09-23 21:22:43.020 | INFO     | serving_worker_hook:_execute:229 - [PHASE] execute total=16 new=0 cached=1 spec=1 finished=[] preempted=[]
(EngineCore pid=57) 2026-09-23 21:22:43.141 | INFO     | serving_worker_hook:_execute:229 - [PHASE] execute total=16 new=0 cached=1 spec=1 finished=[] preempted=[]
(EngineCore pid=57) 2026-09-23 21:22:43.255 | INFO     | serving_worker_hook:_execute:229 - [PHASE] execute total=16 new=0 cached=1 spec=1 finished=[] preempted=[]
(EngineCore pid=57) 2026-09-23 21:22:43.369 | INFO     | serving_worker_hook:_execute:229 - [PHASE] execute total=16 new=0 cached=1 spec=1 finished=[] preempted=[]
(EngineCore pid=57) 2026-09-23 21:22:43.482 | INFO     | serving_worker_hook:_execute:229 - [PHASE] execute total=16 new=0 cached=1 spec=1 finished=[] preempted=[]
(EngineCore pid=57) 2026-09-23 21:22:43.594 | INFO     | serving_worker_hook:_execute:229 - [PHASE] execute total=16 new=0 cached=1 spec=1 finished=[] preempted=[]
(EngineCore pid=57) 2026-09-23 21:22:43.701 | INFO     | serving_worker_hook:_execute:229 - [PHASE] execute total=16 new=0 cached=1 spec=1 finished=[] preempted=[]
(EngineCore pid=57) 2026-09-23 21:22:43.802 | INFO     | serving_worker_hook:_execute:229 - [PHASE] execute total=16 new=0 cached=1 spec=1 finished=[] preempted=[]
(EngineCore pid=57) 2026-09-23 21:22:43.908 | INFO     | serving_worker_hook:_execute:229 - [PHASE] execute total=16 new=0 cached=1 spec=1 finished=[] preempted=[]
(EngineCore pid=57) 2026-09-23 21:22:44.008 | INFO     | serving_worker_hook:_execute:229 - [PHASE] execute total=16 new=0 cached=1 spec=1 finished=[] preempted=[]
(EngineCore pid=57) 2026-09-23 21:22:44.114 | INFO     | serving_worker_hook:_execute:229 - [PHASE] execute total=16 new=0 cached=1 spec=1 finished=[] preempted=[]
(EngineCore pid=57) 2026-09-23 21:22:44.227 | INFO     | serving_worker_hook:_execute:229 - [PHASE] execute total=16 new=0 cached=1 spec=1 finished=[] preempted=[]
(EngineCore pid=57) 2026-09-23 21:22:44.339 | INFO     | serving_worker_hook:_execute:229 - [PHASE] execute total=16 new=0 cached=1 spec=1 finished=[] preempted=[]
(EngineCore pid=57) 2026-09-23 21:22:44.442 | INFO     | serving_worker_hook:_execute:229 - [PHASE] execute total=16 new=0 cached=1 spec=1 finished=[] preempted=[]
(EngineCore pid=57) 2026-09-23 21:22:44.543 | INFO     | serving_worker_hook:_execute:229 - [PHASE] execute total=16 new=0 cached=1 spec=1 finished=[] preempted=[]
(EngineCore pid=57) 2026-09-23 21:22:44.643 | INFO     | serving_worker_hook:_execute:229 - [PHASE] execute total=16 new=0 cached=1 spec=1 finished=[] preempted=[]
(EngineCore pid=57) 2026-09-23 21:22:44.742 | INFO     | serving_worker_hook:_execute:229 - [PHASE] execute total=16 new=0 cached=1 spec=1 finished=[] preempted=[]
(EngineCore pid=57) 2026-09-23 21:22:44.842 | INFO     | serving_worker_hook:_execute:229 - [PHASE] execute total=16 new=0 cached=1 spec=1 finished=[] preempted=[]
(EngineCore pid=57) 2026-09-23 21:22:44.944 | INFO     | serving_worker_hook:_execute:229 - [PHASE] execute total=8 new=0 cached=1 spec=1 finished=[] preempted=[]
(EngineCore pid=57) 2026-09-23 21:22:45.036 | INFO     | serving_worker_hook:_execute:229 - [PHASE] execute total=1 new=0 cached=1 spec=0 finished=[] preempted=[]
(EngineCore pid=57) {"stage": "fast_serving_phases", "blocks": [{"position": 32768, "rows": 16, "committed": 11}, {"position": 32779, "rows": 16, "committed": 10}, {"position": 32789, "rows": 16, "committed": 5}, {"position": 32794, "rows": 16, "committed": 6}, {"position": 32800, "rows": 16, "committed": 1}, {"position": 32801, "rows": 16, "committed": 10}, {"position": 32811, "rows": 16, "committed": 7}, {"position": 32818, "rows": 16, "committed": 5}, {"position": 32823, "rows": 16, "committed": 8}, {"position": 32831, "rows": 16, "committed": 9}, {"position": 32840, "rows": 16, "committed": 7}, {"position": 32847, "rows": 16, "committed": 6}, {"position": 32853, "rows": 16, "committed": 5}, {"position": 32858, "rows": 16, "committed": 6}, {"position": 32864, "rows": 16, "committed": 1}, {"position": 32865, "rows": 16, "committed": 10}, {"position": 32875, "rows": 16, "committed": 11}, {"position": 32886, "rows": 16, "committed": 9}, {"position": 32895, "rows": 16, "committed": 9}, {"position": 32904, "rows": 16, "committed": 7}, {"position": 32911, "rows": 16, "committed": 5}, {"position": 32916, "rows": 16, "committed": 6}, {"position": 32922, "rows": 16, "committed": 6}, {"position": 32928, "rows": 16, "committed": 1}, {"position": 32929, "rows": 16, "committed": 10}, {"position": 32939, "rows": 16, "committed": 11}, {"position": 32950, "rows": 16, "committed": 9}, {"position": 32959, "rows": 16, "committed": 9}, {"position": 32968, "rows": 16, "committed": 7}, {"position": 32975, "rows": 16, "committed": 5}, {"position": 32980, "rows": 16, "committed": 6}, {"position": 32986, "rows": 16, "committed": 6}, {"position": 32992, "rows": 16, "committed": 1}, {"position": 32993, "rows": 16, "committed": 10}, {"position": 33003, "rows": 16, "committed": 11}, {"position": 33014, "rows": 8, "committed": 8}, {"position": 33022, "rows": 1, "committed": 1}], "cancelled": false, "finished": true, "timing_scope": "Host wall time, existing blocking boundaries; verifier detail is nested", "added_device_fences": false, "performance_qualified": false}
(APIServer pid=7) INFO 09-23 21:22:48 [loggers.py:273] Engine 000: Avg prompt throughput: 0.0 tokens/s, Avg generation throughput: 21.2 tokens/s, Running: 0 reqs, Waiting: 0 reqs, GPU KV cache usage: 0.0%, Prefix cache hit rate: 0.0%
(APIServer pid=7) INFO 09-23 21:22:48 [metrics.py:120] SpecDecoding metrics: Mean acceptance length: 7.03, Accepted throughput: 18.10 tokens/s, Drafted throughput: 44.20 tokens/s, Accepted: 181 tokens, Drafted: 442 tokens, Per-position acceptance rate: 0.900, 0.900, 0.900, 0.900, 0.767, 0.567, 0.433, 0.367, 0.200, 0.100, 0.000, 0.000, 0.000, 0.000, 0.000, Avg Draft acceptance rate: 41.0%
(APIServer pid=7) INFO 09-23 21:22:58 [loggers.py:273] Engine 000: Avg prompt throughput: 0.0 tokens/s, Avg generation throughput: 0.0 tokens/s, Running: 0 reqs, Waiting: 0 reqs, GPU KV cache usage: 0.0%, Prefix cache hit rate: 0.0%
(EngineCore pid=57) 2026-09-23 21:22:58.685 | INFO     | serving_worker_hook:_execute:229 - [PHASE] execute total=16 new=0 cached=1 spec=1 finished=[] preempted=[]
(EngineCore pid=57) 2026-09-23 21:22:58.787 | INFO     | serving_worker_hook:_execute:229 - [PHASE] execute total=16 new=0 cached=1 spec=1 finished=[] preempted=[]
(EngineCore pid=57) 2026-09-23 21:23:00.284 | INFO     | serving_worker_hook:_execute:229 - [PHASE] execute total=16 new=0 cached=1 spec=1 finished=[] preempted=[]
(EngineCore pid=57) 2026-09-23 21:23:00.402 | INFO     | serving_worker_hook:_execute:229 - [PHASE] execute total=16 new=0 cached=1 spec=1 finished=[] preempted=[]
(EngineCore pid=57) 2026-09-23 21:23:00.523 | INFO     | serving_worker_hook:_execute:229 - [PHASE] execute total=16 new=0 cached=1 spec=1 finished=[] preempted=[]
(EngineCore pid=57) 2026-09-23 21:23:00.639 | INFO     | serving_worker_hook:_execute:229 - [PHASE] execute total=16 new=0 cached=1 spec=1 finished=[] preempted=[]
(EngineCore pid=57) 2026-09-23 21:23:00.753 | INFO     | serving_worker_hook:_execute:229 - [PHASE] execute total=16 new=0 cached=1 spec=1 finished=[] preempted=[]
(EngineCore pid=57) 2026-09-23 21:23:00.879 | INFO     | serving_worker_hook:_execute:229 - [PHASE] execute total=16 new=0 cached=1 spec=1 finished=[] preempted=[]
(EngineCore pid=57) 2026-09-23 21:23:00.984 | INFO     | serving_worker_hook:_execute:229 - [PHASE] execute total=16 new=0 cached=1 spec=1 finished=[] preempted=[]
(EngineCore pid=57) 2026-09-23 21:23:01.087 | INFO     | serving_worker_hook:_execute:229 - [PHASE] execute total=16 new=0 cached=1 spec=1 finished=[] preempted=[]
(EngineCore pid=57) 2026-09-23 21:23:01.193 | INFO     | serving_worker_hook:_execute:229 - [PHASE] execute total=16 new=0 cached=1 spec=1 finished=[] preempted=[]
(EngineCore pid=57) 2026-09-23 21:23:01.298 | INFO     | serving_worker_hook:_execute:229 - [PHASE] execute total=16 new=0 cached=1 spec=1 finished=[] preempted=[]
(EngineCore pid=57) 2026-09-23 21:23:01.401 | INFO     | serving_worker_hook:_execute:229 - [PHASE] execute total=16 new=0 cached=1 spec=1 finished=[] preempted=[]
(EngineCore pid=57) 2026-09-23 21:23:01.506 | INFO     | serving_worker_hook:_execute:229 - [PHASE] execute total=16 new=0 cached=1 spec=1 finished=[] preempted=[]
(EngineCore pid=57) 2026-09-23 21:23:01.610 | INFO     | serving_worker_hook:_execute:229 - [PHASE] execute total=16 new=0 cached=1 spec=1 finished=[] preempted=[]
(EngineCore pid=57) 2026-09-23 21:23:01.719 | INFO     | serving_worker_hook:_execute:229 - [PHASE] execute total=16 new=0 cached=1 spec=1 finished=[] preempted=[]
(EngineCore pid=57) 2026-09-23 21:23:01.838 | INFO     | serving_worker_hook:_execute:229 - [PHASE] execute total=16 new=0 cached=1 spec=1 finished=[] preempted=[]
(EngineCore pid=57) 2026-09-23 21:23:01.955 | INFO     | serving_worker_hook:_execute:229 - [PHASE] execute total=16 new=0 cached=1 spec=1 finished=[] preempted=[]
(EngineCore pid=57) 2026-09-23 21:23:02.070 | INFO     | serving_worker_hook:_execute:229 - [PHASE] execute total=16 new=0 cached=1 spec=1 finished=[] preempted=[]
(EngineCore pid=57) 2026-09-23 21:23:02.181 | INFO     | serving_worker_hook:_execute:229 - [PHASE] execute total=16 new=0 cached=1 spec=1 finished=[] preempted=[]
(EngineCore pid=57) 2026-09-23 21:23:02.297 | INFO     | serving_worker_hook:_execute:229 - [PHASE] execute total=16 new=0 cached=1 spec=1 finished=[] preempted=[]
(EngineCore pid=57) 2026-09-23 21:23:02.420 | INFO     | serving_worker_hook:_execute:229 - [PHASE] execute total=16 new=0 cached=1 spec=1 finished=[] preempted=[]
(EngineCore pid=57) 2026-09-23 21:23:02.538 | INFO     | serving_worker_hook:_execute:229 - [PHASE] execute total=16 new=0 cached=1 spec=1 finished=[] preempted=[]
(EngineCore pid=57) 2026-09-23 21:23:02.656 | INFO     | serving_worker_hook:_execute:229 - [PHASE] execute total=16 new=0 cached=1 spec=1 finished=[] preempted=[]
(EngineCore pid=57) 2026-09-23 21:23:02.771 | INFO     | serving_worker_hook:_execute:229 - [PHASE] execute total=16 new=0 cached=1 spec=1 finished=[] preempted=[]
(EngineCore pid=57) 2026-09-23 21:23:02.895 | INFO     | serving_worker_hook:_execute:229 - [PHASE] execute total=16 new=0 cached=1 spec=1 finished=[] preempted=[]
(EngineCore pid=57) 2026-09-23 21:23:03.013 | INFO     | serving_worker_hook:_execute:229 - [PHASE] execute total=16 new=0 cached=1 spec=1 finished=[] preempted=[]
(EngineCore pid=57) 2026-09-23 21:23:03.151 | INFO     | serving_worker_hook:_execute:229 - [PHASE] execute total=16 new=0 cached=1 spec=1 finished=[] preempted=[]
(EngineCore pid=57) 2026-09-23 21:23:03.282 | INFO     | serving_worker_hook:_execute:229 - [PHASE] execute total=16 new=0 cached=1 spec=1 finished=[] preempted=[]
(EngineCore pid=57) 2026-09-23 21:23:03.417 | INFO     | serving_worker_hook:_execute:229 - [PHASE] execute total=16 new=0 cached=1 spec=1 finished=[] preempted=[]
(EngineCore pid=57) 2026-09-23 21:23:03.537 | INFO     | serving_worker_hook:_execute:229 - [PHASE] execute total=16 new=0 cached=1 spec=1 finished=[] preempted=[]
(EngineCore pid=57) 2026-09-23 21:23:03.685 | INFO     | serving_worker_hook:_execute:229 - [PHASE] execute total=16 new=0 cached=1 spec=1 finished=[] preempted=[]
(EngineCore pid=57) 2026-09-23 21:23:03.802 | INFO     | serving_worker_hook:_execute:229 - [PHASE] execute total=16 new=0 cached=1 spec=1 finished=[] preempted=[]
(EngineCore pid=57) 2026-09-23 21:23:03.923 | INFO     | serving_worker_hook:_execute:229 - [PHASE] execute total=8 new=0 cached=1 spec=1 finished=[] preempted=[]
(EngineCore pid=57) 2026-09-23 21:23:04.032 | INFO     | serving_worker_hook:_execute:229 - [PHASE] execute total=2 new=0 cached=1 spec=1 finished=[] preempted=[]
(EngineCore pid=57) {"stage": "fast_serving_phases", "blocks": [{"position": 32768, "rows": 16, "committed": 7}, {"position": 32775, "rows": 16, "committed": 4}, {"position": 32779, "rows": 16, "committed": 8}, {"position": 32787, "rows": 16, "committed": 6}, {"position": 32793, "rows": 16, "committed": 6}, {"position": 32799, "rows": 16, "committed": 1}, {"position": 32800, "rows": 16, "committed": 11}, {"position": 32811, "rows": 16, "committed": 10}, {"position": 32821, "rows": 16, "committed": 9}, {"position": 32830, "rows": 16, "committed": 7}, {"position": 32837, "rows": 16, "committed": 6}, {"position": 32843, "rows": 16, "committed": 8}, {"position": 32851, "rows": 16, "committed": 6}, {"position": 32857, "rows": 16, "committed": 10}, {"position": 32867, "rows": 16, "committed": 8}, {"position": 32875, "rows": 16, "committed": 10}, {"position": 32885, "rows": 16, "committed": 8}, {"position": 32893, "rows": 16, "committed": 8}, {"position": 32901, "rows": 16, "committed": 7}, {"position": 32908, "rows": 16, "committed": 8}, {"position": 32916, "rows": 16, "committed": 5}, {"position": 32921, "rows": 16, "committed": 9}, {"position": 32930, "rows": 16, "committed": 9}, {"position": 32939, "rows": 16, "committed": 6}, {"position": 32945, "rows": 16, "committed": 5}, {"position": 32950, "rows": 16, "committed": 8}, {"position": 32958, "rows": 16, "committed": 9}, {"position": 32967, "rows": 16, "committed": 6}, {"position": 32973, "rows": 16, "committed": 8}, {"position": 32981, "rows": 16, "committed": 4}, {"position": 32985, "rows": 16, "committed": 9}, {"position": 32994, "rows": 16, "committed": 9}, {"position": 33003, "rows": 16, "committed": 10}, {"position": 33013, "rows": 8, "committed": 8}, {"position": 33021, "rows": 2, "committed": 2}], "cancelled": false, "finished": true, "timing_scope": "Host wall time, existing blocking boundaries; verifier detail is nested", "added_device_fences": false, "performance_qualified": false}
(APIServer pid=7) INFO 09-23 21:23:08 [loggers.py:273] Engine 000: Avg prompt throughput: 3276.5 tokens/s, Avg generation throughput: 25.6 tokens/s, Running: 0 reqs, Waiting: 0 reqs, GPU KV cache usage: 0.0%, Prefix cache hit rate: 0.0%
(APIServer pid=7) INFO 09-23 21:23:08 [metrics.py:120] SpecDecoding metrics: Mean acceptance length: 7.29, Accepted throughput: 11.00 tokens/s, Drafted throughput: 25.15 tokens/s, Accepted: 220 tokens, Drafted: 503 tokens, Per-position acceptance rate: 0.971, 0.943, 0.943, 0.886, 0.829, 0.657, 0.571, 0.314, 0.143, 0.029, 0.000, 0.000, 0.000, 0.000, 0.000, Avg Draft acceptance rate: 43.7%
(APIServer pid=7) INFO 09-23 21:23:18 [loggers.py:273] Engine 000: Avg prompt throughput: 0.0 tokens/s, Avg generation throughput: 0.0 tokens/s, Running: 0 reqs, Waiting: 0 reqs, GPU KV cache usage: 0.0%, Prefix cache hit rate: 0.0%
(EngineCore pid=57) 2026-09-23 21:23:19.084 | INFO     | serving_worker_hook:_execute:229 - [PHASE] execute total=16 new=0 cached=1 spec=1 finished=[] preempted=[]
(EngineCore pid=57) 2026-09-23 21:23:20.052 | INFO     | serving_worker_hook:_execute:229 - [PHASE] execute total=16 new=0 cached=1 spec=1 finished=[] preempted=[]
(EngineCore pid=57) 2026-09-23 21:23:20.155 | INFO     | serving_worker_hook:_execute:229 - [PHASE] execute total=16 new=0 cached=1 spec=1 finished=[] preempted=[]
(EngineCore pid=57) 2026-09-23 21:23:20.258 | INFO     | serving_worker_hook:_execute:229 - [PHASE] execute total=16 new=0 cached=1 spec=1 finished=[] preempted=[]
(EngineCore pid=57) 2026-09-23 21:23:20.367 | INFO     | serving_worker_hook:_execute:229 - [PHASE] execute total=16 new=0 cached=1 spec=1 finished=[] preempted=[]
(EngineCore pid=57) 2026-09-23 21:23:20.480 | INFO     | serving_worker_hook:_execute:229 - [PHASE] execute total=16 new=0 cached=1 spec=1 finished=[] preempted=[]
(EngineCore pid=57) 2026-09-23 21:23:20.586 | INFO     | serving_worker_hook:_execute:229 - [PHASE] execute total=16 new=0 cached=1 spec=1 finished=[] preempted=[]
(EngineCore pid=57) 2026-09-23 21:23:20.691 | INFO     | serving_worker_hook:_execute:229 - [PHASE] execute total=16 new=0 cached=1 spec=1 finished=[] preempted=[]
(EngineCore pid=57) 2026-09-23 21:23:20.794 | INFO     | serving_worker_hook:_execute:229 - [PHASE] execute total=16 new=0 cached=1 spec=1 finished=[] preempted=[]
(EngineCore pid=57) 2026-09-23 21:23:20.900 | INFO     | serving_worker_hook:_execute:229 - [PHASE] execute total=16 new=0 cached=1 spec=1 finished=[] preempted=[]
(EngineCore pid=57) 2026-09-23 21:23:21.005 | INFO     | serving_worker_hook:_execute:229 - [PHASE] execute total=16 new=0 cached=1 spec=1 finished=[] preempted=[]
(EngineCore pid=57) 2026-09-23 21:23:21.108 | INFO     | serving_worker_hook:_execute:229 - [PHASE] execute total=16 new=0 cached=1 spec=1 finished=[] preempted=[]
(EngineCore pid=57) 2026-09-23 21:23:21.211 | INFO     | serving_worker_hook:_execute:229 - [PHASE] execute total=16 new=0 cached=1 spec=1 finished=[] preempted=[]
(EngineCore pid=57) 2026-09-23 21:23:21.316 | INFO     | serving_worker_hook:_execute:229 - [PHASE] execute total=16 new=0 cached=1 spec=1 finished=[] preempted=[]
(EngineCore pid=57) 2026-09-23 21:23:21.422 | INFO     | serving_worker_hook:_execute:229 - [PHASE] execute total=16 new=0 cached=1 spec=1 finished=[] preempted=[]
(EngineCore pid=57) 2026-09-23 21:23:21.530 | INFO     | serving_worker_hook:_execute:229 - [PHASE] execute total=16 new=0 cached=1 spec=1 finished=[] preempted=[]
(EngineCore pid=57) 2026-09-23 21:23:21.645 | INFO     | serving_worker_hook:_execute:229 - [PHASE] execute total=16 new=0 cached=1 spec=1 finished=[] preempted=[]
(EngineCore pid=57) 2026-09-23 21:23:21.752 | INFO     | serving_worker_hook:_execute:229 - [PHASE] execute total=16 new=0 cached=1 spec=1 finished=[] preempted=[]
(EngineCore pid=57) 2026-09-23 21:23:21.857 | INFO     | serving_worker_hook:_execute:229 - [PHASE] execute total=16 new=0 cached=1 spec=1 finished=[] preempted=[]
(EngineCore pid=57) 2026-09-23 21:23:22.012 | INFO     | serving_worker_hook:_execute:229 - [PHASE] execute total=16 new=0 cached=1 spec=1 finished=[] preempted=[]
(EngineCore pid=57) 2026-09-23 21:23:22.126 | INFO     | serving_worker_hook:_execute:229 - [PHASE] execute total=16 new=0 cached=1 spec=1 finished=[] preempted=[]
(EngineCore pid=57) 2026-09-23 21:23:22.240 | INFO     | serving_worker_hook:_execute:229 - [PHASE] execute total=16 new=0 cached=1 spec=1 finished=[] preempted=[]
(EngineCore pid=57) 2026-09-23 21:23:22.344 | INFO     | serving_worker_hook:_execute:229 - [PHASE] execute total=16 new=0 cached=1 spec=1 finished=[] preempted=[]
(EngineCore pid=57) 2026-09-23 21:23:22.447 | INFO     | serving_worker_hook:_execute:229 - [PHASE] execute total=16 new=0 cached=1 spec=1 finished=[] preempted=[]
(EngineCore pid=57) 2026-09-23 21:23:22.565 | INFO     | serving_worker_hook:_execute:229 - [PHASE] execute total=16 new=0 cached=1 spec=1 finished=[] preempted=[]
(EngineCore pid=57) 2026-09-23 21:23:22.681 | INFO     | serving_worker_hook:_execute:229 - [PHASE] execute total=16 new=0 cached=1 spec=1 finished=[] preempted=[]
(EngineCore pid=57) 2026-09-23 21:23:22.790 | INFO     | serving_worker_hook:_execute:229 - [PHASE] execute total=16 new=0 cached=1 spec=1 finished=[] preempted=[]
(EngineCore pid=57) 2026-09-23 21:23:22.909 | INFO     | serving_worker_hook:_execute:229 - [PHASE] execute total=16 new=0 cached=1 spec=1 finished=[] preempted=[]
(EngineCore pid=57) 2026-09-23 21:23:23.028 | INFO     | serving_worker_hook:_execute:229 - [PHASE] execute total=16 new=0 cached=1 spec=1 finished=[] preempted=[]
(EngineCore pid=57) 2026-09-23 21:23:23.143 | INFO     | serving_worker_hook:_execute:229 - [PHASE] execute total=16 new=0 cached=1 spec=1 finished=[] preempted=[]
(EngineCore pid=57) 2026-09-23 21:23:23.260 | INFO     | serving_worker_hook:_execute:229 - [PHASE] execute total=16 new=0 cached=1 spec=1 finished=[] preempted=[]
(EngineCore pid=57) 2026-09-23 21:23:23.374 | INFO     | serving_worker_hook:_execute:229 - [PHASE] execute total=16 new=0 cached=1 spec=1 finished=[] preempted=[]
(EngineCore pid=57) 2026-09-23 21:23:23.491 | INFO     | serving_worker_hook:_execute:229 - [PHASE] execute total=16 new=0 cached=1 spec=1 finished=[] preempted=[]
(EngineCore pid=57) 2026-09-23 21:23:23.607 | INFO     | serving_worker_hook:_execute:229 - [PHASE] execute total=16 new=0 cached=1 spec=1 finished=[] preempted=[]
(EngineCore pid=57) 2026-09-23 21:23:23.723 | INFO     | serving_worker_hook:_execute:229 - [PHASE] execute total=8 new=0 cached=1 spec=1 finished=[] preempted=[]
(EngineCore pid=57) 2026-09-23 21:23:23.842 | INFO     | serving_worker_hook:_execute:229 - [PHASE] execute total=8 new=0 cached=1 spec=1 finished=[] preempted=[]
(EngineCore pid=57) 2026-09-23 21:23:23.953 | INFO     | serving_worker_hook:_execute:229 - [PHASE] execute total=2 new=0 cached=1 spec=1 finished=[] preempted=[]
(EngineCore pid=57) {"stage": "fast_serving_phases", "blocks": [{"position": 32768, "rows": 16, "committed": 3}, {"position": 32771, "rows": 16, "committed": 7}, {"position": 32778, "rows": 16, "committed": 8}, {"position": 32786, "rows": 16, "committed": 9}, {"position": 32795, "rows": 16, "committed": 6}, {"position": 32801, "rows": 16, "committed": 8}, {"position": 32809, "rows": 16, "committed": 7}, {"position": 32816, "rows": 16, "committed": 5}, {"position": 32821, "rows": 16, "committed": 6}, {"position": 32827, "rows": 16, "committed": 7}, {"position": 32834, "rows": 16, "committed": 8}, {"position": 32842, "rows": 16, "committed": 8}, {"position": 32850, "rows": 16, "committed": 6}, {"position": 32856, "rows": 16, "committed": 8}, {"position": 32864, "rows": 16, "committed": 9}, {"position": 32873, "rows": 16, "committed": 7}, {"position": 32880, "rows": 16, "committed": 5}, {"position": 32885, "rows": 16, "committed": 9}, {"position": 32894, "rows": 16, "committed": 5}, {"position": 32899, "rows": 16, "committed": 7}, {"position": 32906, "rows": 16, "committed": 8}, {"position": 32914, "rows": 16, "committed": 9}, {"position": 32923, "rows": 16, "committed": 6}, {"position": 32929, "rows": 16, "committed": 9}, {"position": 32938, "rows": 16, "committed": 7}, {"position": 32945, "rows": 16, "committed": 4}, {"position": 32949, "rows": 16, "committed": 8}, {"position": 32957, "rows": 16, "committed": 5}, {"position": 32962, "rows": 16, "committed": 8}, {"position": 32970, "rows": 16, "committed": 8}, {"position": 32978, "rows": 16, "committed": 11}, {"position": 32989, "rows": 16, "committed": 7}, {"position": 32996, "rows": 16, "committed": 7}, {"position": 33003, "rows": 16, "committed": 6}, {"position": 33009, "rows": 8, "committed": 4}, {"position": 33013, "rows": 8, "committed": 8}, {"position": 33021, "rows": 2, "committed": 2}], "cancelled": false, "finished": true, "timing_scope": "Host wall time, existing blocking boundaries; verifier detail is nested", "added_device_fences": false, "performance_qualified": false}
(APIServer pid=7) INFO 09-23 21:23:28 [loggers.py:273] Engine 000: Avg prompt throughput: 3276.9 tokens/s, Avg generation throughput: 25.6 tokens/s, Running: 0 reqs, Waiting: 0 reqs, GPU KV cache usage: 0.0%, Prefix cache hit rate: 0.0%
(APIServer pid=7) INFO 09-23 21:23:28 [metrics.py:120] SpecDecoding metrics: Mean acceptance length: 6.89, Accepted throughput: 10.90 tokens/s, Drafted throughput: 26.25 tokens/s, Accepted: 218 tokens, Drafted: 525 tokens, Per-position acceptance rate: 1.000, 0.973, 0.946, 0.892, 0.784, 0.649, 0.432, 0.162, 0.027, 0.027, 0.000, 0.000, 0.000, 0.000, 0.000, Avg Draft acceptance rate: 41.5%
(EngineCore pid=57) 2026-09-23 21:23:37.651 | INFO     | serving_worker_hook:_execute:229 - [PHASE] execute total=16 new=0 cached=1 spec=1 finished=[] preempted=[]
(EngineCore pid=57) 2026-09-23 21:23:37.754 | INFO     | serving_worker_hook:_execute:229 - [PHASE] execute total=16 new=0 cached=1 spec=1 finished=[] preempted=[]
(EngineCore pid=57) 2026-09-23 21:23:37.857 | INFO     | serving_worker_hook:_execute:229 - [PHASE] execute total=16 new=0 cached=1 spec=1 finished=[] preempted=[]
(EngineCore pid=57) 2026-09-23 21:23:37.966 | INFO     | serving_worker_hook:_execute:229 - [PHASE] execute total=16 new=0 cached=1 spec=1 finished=[] preempted=[]
(EngineCore pid=57) 2026-09-23 21:23:38.071 | INFO     | serving_worker_hook:_execute:229 - [PHASE] execute total=16 new=0 cached=1 spec=1 finished=[] preempted=[]
(EngineCore pid=57) 2026-09-23 21:23:38.181 | INFO     | serving_worker_hook:_execute:229 - [PHASE] execute total=16 new=0 cached=1 spec=1 finished=[] preempted=[]
(APIServer pid=7) INFO 09-23 21:23:38 [loggers.py:273] Engine 000: Avg prompt throughput: 3276.6 tokens/s, Avg generation throughput: 4.2 tokens/s, Running: 1 reqs, Waiting: 0 reqs, GPU KV cache usage: 99.4%, Prefix cache hit rate: 0.0%
(APIServer pid=7) INFO 09-23 21:23:38 [metrics.py:120] SpecDecoding metrics: Mean acceptance length: 8.20, Accepted throughput: 3.60 tokens/s, Drafted throughput: 7.50 tokens/s, Accepted: 36 tokens, Drafted: 75 tokens, Per-position acceptance rate: 1.000, 1.000, 1.000, 1.000, 1.000, 0.800, 0.800, 0.400, 0.200, 0.000, 0.000, 0.000, 0.000, 0.000, 0.000, Avg Draft acceptance rate: 48.0%
(EngineCore pid=57) 2026-09-23 21:23:38.293 | INFO     | serving_worker_hook:_execute:229 - [PHASE] execute total=16 new=0 cached=1 spec=1 finished=[] preempted=[]
(EngineCore pid=57) 2026-09-23 21:23:38.405 | INFO     | serving_worker_hook:_execute:229 - [PHASE] execute total=16 new=0 cached=1 spec=1 finished=[] preempted=[]
(EngineCore pid=57) 2026-09-23 21:23:38.521 | INFO     | serving_worker_hook:_execute:229 - [PHASE] execute total=16 new=0 cached=1 spec=1 finished=[] preempted=[]
(EngineCore pid=57) 2026-09-23 21:23:38.636 | INFO     | serving_worker_hook:_execute:229 - [PHASE] execute total=16 new=0 cached=1 spec=1 finished=[] preempted=[]
(EngineCore pid=57) 2026-09-23 21:23:38.750 | INFO     | serving_worker_hook:_execute:229 - [PHASE] execute total=16 new=0 cached=1 spec=1 finished=[] preempted=[]
(EngineCore pid=57) 2026-09-23 21:23:38.863 | INFO     | serving_worker_hook:_execute:229 - [PHASE] execute total=16 new=0 cached=1 spec=1 finished=[] preempted=[]
(EngineCore pid=57) 2026-09-23 21:23:38.976 | INFO     | serving_worker_hook:_execute:229 - [PHASE] execute total=16 new=0 cached=1 spec=1 finished=[] preempted=[]
(EngineCore pid=57) 2026-09-23 21:23:39.090 | INFO     | serving_worker_hook:_execute:229 - [PHASE] execute total=16 new=0 cached=1 spec=1 finished=[] preempted=[]
(EngineCore pid=57) 2026-09-23 21:23:39.203 | INFO     | serving_worker_hook:_execute:229 - [PHASE] execute total=16 new=0 cached=1 spec=1 finished=[] preempted=[]
(EngineCore pid=57) 2026-09-23 21:23:39.317 | INFO     | serving_worker_hook:_execute:229 - [PHASE] execute total=16 new=0 cached=1 spec=1 finished=[] preempted=[]
(EngineCore pid=57) 2026-09-23 21:23:39.431 | INFO     | serving_worker_hook:_execute:229 - [PHASE] execute total=16 new=0 cached=1 spec=1 finished=[] preempted=[]
(EngineCore pid=57) 2026-09-23 21:23:39.535 | INFO     | serving_worker_hook:_execute:229 - [PHASE] execute total=16 new=0 cached=1 spec=1 finished=[] preempted=[]
(EngineCore pid=57) 2026-09-23 21:23:39.645 | INFO     | serving_worker_hook:_execute:229 - [PHASE] execute total=16 new=0 cached=1 spec=1 finished=[] preempted=[]
(EngineCore pid=57) 2026-09-23 21:23:39.758 | INFO     | serving_worker_hook:_execute:229 - [PHASE] execute total=16 new=0 cached=1 spec=1 finished=[] preempted=[]
(EngineCore pid=57) 2026-09-23 21:23:39.865 | INFO     | serving_worker_hook:_execute:229 - [PHASE] execute total=16 new=0 cached=1 spec=1 finished=[] preempted=[]
(EngineCore pid=57) 2026-09-23 21:23:39.972 | INFO     | serving_worker_hook:_execute:229 - [PHASE] execute total=16 new=0 cached=1 spec=1 finished=[] preempted=[]
(EngineCore pid=57) 2026-09-23 21:23:40.090 | INFO     | serving_worker_hook:_execute:229 - [PHASE] execute total=16 new=0 cached=1 spec=1 finished=[] preempted=[]
(EngineCore pid=57) 2026-09-23 21:23:40.211 | INFO     | serving_worker_hook:_execute:229 - [PHASE] execute total=16 new=0 cached=1 spec=1 finished=[] preempted=[]
(EngineCore pid=57) 2026-09-23 21:23:40.327 | INFO     | serving_worker_hook:_execute:229 - [PHASE] execute total=16 new=0 cached=1 spec=1 finished=[] preempted=[]
(EngineCore pid=57) 2026-09-23 21:23:40.439 | INFO     | serving_worker_hook:_execute:229 - [PHASE] execute total=16 new=0 cached=1 spec=1 finished=[] preempted=[]
(EngineCore pid=57) 2026-09-23 21:23:40.553 | INFO     | serving_worker_hook:_execute:229 - [PHASE] execute total=16 new=0 cached=1 spec=1 finished=[] preempted=[]
(EngineCore pid=57) 2026-09-23 21:23:40.663 | INFO     | serving_worker_hook:_execute:229 - [PHASE] execute total=16 new=0 cached=1 spec=1 finished=[] preempted=[]
(EngineCore pid=57) 2026-09-23 21:23:40.766 | INFO     | serving_worker_hook:_execute:229 - [PHASE] execute total=16 new=0 cached=1 spec=1 finished=[] preempted=[]
(EngineCore pid=57) 2026-09-23 21:23:40.871 | INFO     | serving_worker_hook:_execute:229 - [PHASE] execute total=16 new=0 cached=1 spec=1 finished=[] preempted=[]
(EngineCore pid=57) 2026-09-23 21:23:40.980 | INFO     | serving_worker_hook:_execute:229 - [PHASE] execute total=16 new=0 cached=1 spec=1 finished=[] preempted=[]
(EngineCore pid=57) 2026-09-23 21:23:41.087 | INFO     | serving_worker_hook:_execute:229 - [PHASE] execute total=16 new=0 cached=1 spec=1 finished=[] preempted=[]
(EngineCore pid=57) 2026-09-23 21:23:41.198 | INFO     | serving_worker_hook:_execute:229 - [PHASE] execute total=16 new=0 cached=1 spec=1 finished=[] preempted=[]
(EngineCore pid=57) 2026-09-23 21:23:41.301 | INFO     | serving_worker_hook:_execute:229 - [PHASE] execute total=16 new=0 cached=1 spec=1 finished=[] preempted=[]
(EngineCore pid=57) 2026-09-23 21:23:41.412 | INFO     | serving_worker_hook:_execute:229 - [PHASE] execute total=8 new=0 cached=1 spec=1 finished=[] preempted=[]
(EngineCore pid=57) 2026-09-23 21:23:41.514 | INFO     | serving_worker_hook:_execute:229 - [PHASE] execute total=2 new=0 cached=1 spec=1 finished=[] preempted=[]
(EngineCore pid=57) 2026-09-23 21:23:41.602 | INFO     | serving_worker_hook:_execute:229 - [PHASE] execute total=1 new=0 cached=1 spec=0 finished=[] preempted=[]
(EngineCore pid=57) INFO 09-23 21:23:41 [core.py:1214] [shutdown] EngineCore: trigger received signal=SIGTERM
(EngineCore pid=57) INFO 09-23 21:23:41 [core.py:1214] [shutdown] EngineCore: trigger received signal=SIGTERM
(EngineCore pid=57) {"stage": "fast_serving_phases", "blocks": [{"position": 32768, "rows": 16, "committed": 8}, {"position": 32776, "rows": 16, "committed": 9}, {"position": 32785, "rows": 16, "committed": 6}, {"position": 32791, "rows": 16, "committed": 8}, {"position": 32799, "rows": 16, "committed": 10}, {"position": 32809, "rows": 16, "committed": 6}, {"position": 32815, "rows": 16, "committed": 5}, {"position": 32820, "rows": 16, "committed": 8}, {"position": 32828, "rows": 16, "committed": 7}, {"position": 32835, "rows": 16, "committed": 9}, {"position": 32844, "rows": 16, "committed": 5}, {"position": 32849, "rows": 16, "committed": 6}, {"position": 32855, "rows": 16, "committed": 8}, {"position": 32863, "rows": 16, "committed": 10}, {"position": 32873, "rows": 16, "committed": 6}, {"position": 32879, "rows": 16, "committed": 5}, {"position": 32884, "rows": 16, "committed": 9}, {"position": 32893, "rows": 16, "committed": 8}, {"position": 32901, "rows": 16, "committed": 4}, {"position": 32905, "rows": 16, "committed": 8}, {"position": 32913, "rows": 16, "committed": 6}, {"position": 32919, "rows": 16, "committed": 8}, {"position": 32927, "rows": 16, "committed": 10}, {"position": 32937, "rows": 16, "committed": 6}, {"position": 32943, "rows": 16, "committed": 5}, {"position": 32948, "rows": 16, "committed": 8}, {"position": 32956, "rows": 16, "committed": 7}, {"position": 32963, "rows": 16, "committed": 9}, {"position": 32972, "rows": 16, "committed": 5}, {"position": 32977, "rows": 16, "committed": 6}, {"position": 32983, "rows": 16, "committed": 8}, {"position": 32991, "rows": 16, "committed": 9}, {"position": 33000, "rows": 16, "committed": 7}, {"position": 33007, "rows": 16, "committed": 5}, {"position": 33012, "rows": 8, "committed": 8}, {"position": 33020, "rows": 2, "committed": 2}, {"position": 33022, "rows": 1, "committed": 1}], "cancelled": false, "finished": true, "timing_scope": "Host wall time, existing blocking boundaries; verifier detail is nested", "added_device_fences": false, "performance_qualified": false}
