# acceptance_report fixture: v155 (run 35926504810) gate/server.log, only the lines the report reads, in log order.
# fast_serving_phases blocks are trimmed to position/rows/committed and verifier.{users,packed,segment};
# every other line is verbatim.
(EngineCore pid=57) 2026-09-23 22:18:45.032 | INFO     | serving_worker_hook:_execute:229 - [PHASE] execute total=131072 new=1 cached=0 spec=0 finished=[] preempted=[]
(APIServer pid=7) INFO 09-23 22:18:46 [loggers.py:273] Engine 000: Avg prompt throughput: 13106.8 tokens/s, Avg generation throughput: 0.1 tokens/s, Running: 1 reqs, Waiting: 0 reqs, GPU KV cache usage: 25.0%, Prefix cache hit rate: 0.0%
(APIServer pid=7) INFO 09-23 22:18:56 [loggers.py:273] Engine 000: Avg prompt throughput: 0.0 tokens/s, Avg generation throughput: 0.0 tokens/s, Running: 1 reqs, Waiting: 0 reqs, GPU KV cache usage: 25.0%, Prefix cache hit rate: 0.0%
(EngineCore pid=57) 2026-09-23 22:19:54.287 | INFO     | serving_worker_hook:_execute:229 - [PHASE] execute total=131072 new=1 cached=0 spec=0 finished=[] preempted=[]
(APIServer pid=7) INFO 09-23 22:19:56 [loggers.py:273] Engine 000: Avg prompt throughput: 13106.9 tokens/s, Avg generation throughput: 0.1 tokens/s, Running: 2 reqs, Waiting: 2 reqs, GPU KV cache usage: 49.9%, Prefix cache hit rate: 0.0%
(APIServer pid=7) INFO 09-23 22:20:06 [loggers.py:273] Engine 000: Avg prompt throughput: 0.0 tokens/s, Avg generation throughput: 0.0 tokens/s, Running: 2 reqs, Waiting: 2 reqs, GPU KV cache usage: 49.9%, Prefix cache hit rate: 0.0%
(EngineCore pid=57) 2026-09-23 22:21:10.905 | INFO     | serving_worker_hook:_execute:229 - [PHASE] execute total=131072 new=1 cached=0 spec=0 finished=[] preempted=[]
(APIServer pid=7) INFO 09-23 22:21:16 [loggers.py:273] Engine 000: Avg prompt throughput: 13106.8 tokens/s, Avg generation throughput: 0.1 tokens/s, Running: 3 reqs, Waiting: 1 reqs, GPU KV cache usage: 74.9%, Prefix cache hit rate: 0.0%
(APIServer pid=7) INFO 09-23 22:21:26 [loggers.py:273] Engine 000: Avg prompt throughput: 0.0 tokens/s, Avg generation throughput: 0.0 tokens/s, Running: 3 reqs, Waiting: 1 reqs, GPU KV cache usage: 74.9%, Prefix cache hit rate: 0.0%
(EngineCore pid=57) 2026-09-23 22:22:18.382 | INFO     | serving_worker_hook:_execute:229 - [PHASE] execute total=64 new=0 cached=4 spec=4 finished=[] preempted=[]
(EngineCore pid=57) 2026-09-23 22:22:18.633 | INFO     | packed_verifier:diagnostic:120 - [PACKED-PHASE] round=1 users=4 bind_ms=2.23 input_ms=5.20 trace_ms=157.39 sync_ms=0.08 readback_ms=38.72
(EngineCore pid=57) 2026-09-23 22:22:19.782 | INFO     | serving_packed_step:audit_log:94 - [PACKED] request=cmpl-84b96dff21adaaa7-0-9494e3bd segment=3 position=131072 prefix=9 emitted=9 predictions=[1004, 1005, 1006, 1007, 1008, 1009, 1010, 1011]
(EngineCore pid=57) 2026-09-23 22:22:19.868 | INFO     | serving_packed_step:audit_log:94 - [PACKED] request=cmpl-9dba93ce52cd9704-0-a4705f0d segment=2 position=131072 prefix=10 emitted=10 predictions=[1002, 1003, 1004, 1005, 1006, 1007, 1008, 1009]
(EngineCore pid=57) 2026-09-23 22:22:19.909 | INFO     | serving_packed_step:audit_log:94 - [PACKED] request=cmpl-9024cf8f5de0dc4d-0-8bc999f9 segment=1 position=131072 prefix=4 emitted=4 predictions=[1003, 1004, 1005, 1006, 1005, 1007, 1008, 1010]
(EngineCore pid=57) 2026-09-23 22:22:19.948 | INFO     | serving_packed_step:audit_log:94 - [PACKED] request=cmpl-abd82f652d66105d-0-97b65c2f segment=0 position=131072 prefix=8 emitted=8 predictions=[1001, 1002, 1003, 1004, 1005, 1006, 1007, 1008]
(EngineCore pid=57) 2026-09-23 22:22:20.189 | INFO     | serving_worker_hook:_execute:229 - [PHASE] execute total=64 new=0 cached=4 spec=4 finished=[] preempted=[]
(EngineCore pid=57) 2026-09-23 22:22:20.359 | INFO     | packed_verifier:diagnostic:120 - [PACKED-PHASE] round=2 users=4 bind_ms=2.01 input_ms=6.20 trace_ms=157.38 sync_ms=1.29 readback_ms=1.18
(EngineCore pid=57) 2026-09-23 22:22:20.431 | INFO     | serving_packed_step:audit_log:94 - [PACKED] request=cmpl-84b96dff21adaaa7-0-9494e3bd segment=3 position=131081 prefix=8 emitted=8 predictions=[1013, 1014, 1015, 1016, 1017, 1018, 1019, 1020]
(EngineCore pid=57) 2026-09-23 22:22:20.441 | INFO     | serving_packed_step:audit_log:94 - [PACKED] request=cmpl-9dba93ce52cd9704-0-a4705f0d segment=2 position=131082 prefix=9 emitted=9 predictions=[1012, 1013, 1014, 1015, 1016, 1017, 1018, 1019]
(EngineCore pid=57) 2026-09-23 22:22:21.145 | INFO     | serving_packed_step:audit_log:94 - [PACKED] request=cmpl-9024cf8f5de0dc4d-0-8bc999f9 segment=1 position=131076 prefix=6 emitted=6 predictions=[1007, 1008, 1009, 1010, 1011, 1012, 1012, 1013]
(EngineCore pid=57) 2026-09-23 22:22:21.154 | INFO     | serving_packed_step:audit_log:94 - [PACKED] request=cmpl-abd82f652d66105d-0-97b65c2f segment=0 position=131080 prefix=4 emitted=4 predictions=[1009, 1010, 1011, 1012, 1012, 1014, 1015, 1015]
(EngineCore pid=57) 2026-09-23 22:22:21.202 | INFO     | serving_worker_hook:_execute:229 - [PHASE] execute total=64 new=0 cached=4 spec=4 finished=[] preempted=[]
(EngineCore pid=57) 2026-09-23 22:22:21.370 | INFO     | packed_verifier:diagnostic:120 - [PACKED-PHASE] round=3 users=4 bind_ms=1.98 input_ms=4.64 trace_ms=157.32 sync_ms=0.99 readback_ms=1.17
(EngineCore pid=57) 2026-09-23 22:22:21.377 | INFO     | serving_packed_step:audit_log:94 - [PACKED] request=cmpl-84b96dff21adaaa7-0-9494e3bd segment=3 position=131089 prefix=6 emitted=6 predictions=[1021, 1022, 1023, 1024, 1025, 1026, 1027, 1028]
(EngineCore pid=57) 2026-09-23 22:22:21.383 | INFO     | serving_packed_step:audit_log:94 - [PACKED] request=cmpl-9dba93ce52cd9704-0-a4705f0d segment=2 position=131091 prefix=6 emitted=6 predictions=[1021, 1022, 1023, 1024, 1025, 1026, 1027, 1028]
(EngineCore pid=57) 2026-09-23 22:22:21.391 | INFO     | serving_packed_step:audit_log:94 - [PACKED] request=cmpl-9024cf8f5de0dc4d-0-8bc999f9 segment=1 position=131082 prefix=8 emitted=8 predictions=[1013, 1014, 1015, 1016, 1017, 1018, 1019, 1020]
(EngineCore pid=57) 2026-09-23 22:22:21.525 | INFO     | serving_packed_step:audit_log:94 - [PACKED] request=cmpl-abd82f652d66105d-0-97b65c2f segment=0 position=131084 prefix=7 emitted=7 predictions=[1013, 1014, 1015, 1016, 1017, 1018, 1019, 1019]
(EngineCore pid=57) 2026-09-23 22:22:21.582 | INFO     | serving_worker_hook:_execute:229 - [PHASE] execute total=64 new=0 cached=4 spec=4 finished=[] preempted=[]
(EngineCore pid=57) 2026-09-23 22:22:21.755 | INFO     | packed_verifier:diagnostic:120 - [PACKED-PHASE] round=4 users=4 bind_ms=1.99 input_ms=9.44 trace_ms=157.43 sync_ms=1.17 readback_ms=1.16
(EngineCore pid=57) 2026-09-23 22:22:21.766 | INFO     | serving_packed_step:audit_log:94 - [PACKED] request=cmpl-84b96dff21adaaa7-0-9494e3bd segment=3 position=131095 prefix=8 emitted=8 predictions=[1027, 1028, 1029, 1030, 1031, 1032, 1033, 1034]
(EngineCore pid=57) 2026-09-23 22:22:21.775 | INFO     | serving_packed_step:audit_log:94 - [PACKED] request=cmpl-9dba93ce52cd9704-0-a4705f0d segment=2 position=131097 prefix=6 emitted=6 predictions=[1027, 1028, 1029, 1030, 1031, 1032, 248046, 965]
(EngineCore pid=57) 2026-09-23 22:22:21.784 | INFO     | serving_packed_step:audit_log:94 - [PACKED] request=cmpl-9024cf8f5de0dc4d-0-8bc999f9 segment=1 position=131090 prefix=6 emitted=6 predictions=[1021, 1022, 1023, 1024, 1025, 1026, 1028, 1028]
(EngineCore pid=57) 2026-09-23 22:22:21.796 | INFO     | serving_packed_step:audit_log:94 - [PACKED] request=cmpl-abd82f652d66105d-0-97b65c2f segment=0 position=131091 prefix=7 emitted=7 predictions=[1020, 1021, 1022, 1023, 1024, 1025, 1026, 1027]
(EngineCore pid=57) 2026-09-23 22:22:21.839 | INFO     | serving_worker_hook:_execute:229 - [PHASE] execute total=64 new=0 cached=4 spec=4 finished=[] preempted=[]
(EngineCore pid=57) 2026-09-23 22:22:22.009 | INFO     | packed_verifier:diagnostic:120 - [PACKED-PHASE] round=5 users=4 bind_ms=2.15 input_ms=6.09 trace_ms=157.40 sync_ms=1.08 readback_ms=1.20
(EngineCore pid=57) 2026-09-23 22:22:22.360 | INFO     | serving_packed_step:audit_log:94 - [PACKED] request=cmpl-84b96dff21adaaa7-0-9494e3bd segment=3 position=131103 prefix=10 emitted=10 predictions=[1035, 1036, 1037, 1038, 1039, 1040, 1041, 1042]
(EngineCore pid=57) 2026-09-23 22:22:22.375 | INFO     | serving_packed_step:audit_log:94 - [PACKED] request=cmpl-9dba93ce52cd9704-0-a4705f0d segment=2 position=131103 prefix=1 emitted=1 predictions=[1033, 834, 1035, 1034, 1036, 1037, 1038, 1039]
(EngineCore pid=57) 2026-09-23 22:22:22.382 | INFO     | serving_packed_step:audit_log:94 - [PACKED] request=cmpl-9024cf8f5de0dc4d-0-8bc999f9 segment=1 position=131096 prefix=9 emitted=9 predictions=[1027, 1028, 1029, 1030, 1031, 1032, 1033, 1034]
(EngineCore pid=57) 2026-09-23 22:22:22.392 | INFO     | serving_packed_step:audit_log:94 - [PACKED] request=cmpl-abd82f652d66105d-0-97b65c2f segment=0 position=131098 prefix=6 emitted=6 predictions=[1027, 1028, 1029, 1030, 1031, 1032, 248046, 1033]
(EngineCore pid=57) 2026-09-23 22:22:22.435 | INFO     | serving_worker_hook:_execute:229 - [PHASE] execute total=64 new=0 cached=4 spec=4 finished=[] preempted=[]
(EngineCore pid=57) 2026-09-23 22:22:22.603 | INFO     | packed_verifier:diagnostic:120 - [PACKED-PHASE] round=6 users=4 bind_ms=1.95 input_ms=4.73 trace_ms=157.43 sync_ms=1.01 readback_ms=1.05
(EngineCore pid=57) 2026-09-23 22:22:22.610 | INFO     | serving_packed_step:audit_log:94 - [PACKED] request=cmpl-84b96dff21adaaa7-0-9494e3bd segment=3 position=131113 prefix=6 emitted=6 predictions=[1045, 1046, 1047, 1048, 1049, 1050, 381, 1051]
(EngineCore pid=57) 2026-09-23 22:22:22.620 | INFO     | serving_packed_step:audit_log:94 - [PACKED] request=cmpl-9dba93ce52cd9704-0-a4705f0d segment=2 position=131104 prefix=10 emitted=10 predictions=[1034, 1035, 1036, 1037, 1038, 1039, 1040, 1041]
(EngineCore pid=57) 2026-09-23 22:22:22.632 | INFO     | serving_packed_step:audit_log:94 - [PACKED] request=cmpl-9024cf8f5de0dc4d-0-8bc999f9 segment=1 position=131105 prefix=9 emitted=9 predictions=[1036, 1037, 1038, 1039, 1040, 1041, 1042, 1043]
(EngineCore pid=57) 2026-09-23 22:22:22.643 | INFO     | serving_packed_step:audit_log:94 - [PACKED] request=cmpl-abd82f652d66105d-0-97b65c2f segment=0 position=131104 prefix=1 emitted=1 predictions=[1033, 834, 1034, 1035, 1036, 1037, 1038, 1039]
(EngineCore pid=57) 2026-09-23 22:22:22.684 | INFO     | serving_worker_hook:_execute:229 - [PHASE] execute total=64 new=0 cached=4 spec=4 finished=[] preempted=[]
(EngineCore pid=57) 2026-09-23 22:22:22.855 | INFO     | packed_verifier:diagnostic:120 - [PACKED-PHASE] round=7 users=4 bind_ms=2.29 input_ms=5.13 trace_ms=157.41 sync_ms=1.17 readback_ms=1.64
(EngineCore pid=57) 2026-09-23 22:22:23.220 | INFO     | serving_packed_step:audit_log:94 - [PACKED] request=cmpl-84b96dff21adaaa7-0-9494e3bd segment=3 position=131119 prefix=5 emitted=5 predictions=[1051, 1052, 1053, 1054, 1055, 1055, 1056, 1057]
(EngineCore pid=57) 2026-09-23 22:22:23.251 | INFO     | serving_packed_step:audit_log:94 - [PACKED] request=cmpl-9dba93ce52cd9704-0-a4705f0d segment=2 position=131114 prefix=3 emitted=3 predictions=[1044, 1045, 1046, 1045, 1046, 1049, 1048, 1050]
(EngineCore pid=57) 2026-09-23 22:22:23.589 | INFO     | serving_packed_step:audit_log:94 - [PACKED] request=cmpl-9024cf8f5de0dc4d-0-8bc999f9 segment=1 position=131114 prefix=7 emitted=7 predictions=[1045, 1046, 1047, 1048, 1049, 1050, 1051, 1051]
(EngineCore pid=57) 2026-09-23 22:22:23.595 | INFO     | serving_packed_step:audit_log:94 - [PACKED] request=cmpl-abd82f652d66105d-0-97b65c2f segment=0 position=131105 prefix=10 emitted=10 predictions=[1034, 1035, 1036, 1037, 1038, 1039, 1040, 1041]
(EngineCore pid=57) 2026-09-23 22:22:23.637 | INFO     | serving_worker_hook:_execute:229 - [PHASE] execute total=64 new=0 cached=4 spec=4 finished=[] preempted=[]
(EngineCore pid=57) 2026-09-23 22:22:23.807 | INFO     | packed_verifier:diagnostic:120 - [PACKED-PHASE] round=8 users=4 bind_ms=1.98 input_ms=6.21 trace_ms=157.40 sync_ms=1.48 readback_ms=1.45
(EngineCore pid=57) 2026-09-23 22:22:23.818 | INFO     | serving_packed_step:audit_log:94 - [PACKED] request=cmpl-84b96dff21adaaa7-0-9494e3bd segment=3 position=131124 prefix=8 emitted=8 predictions=[1056, 1057, 1058, 1059, 1060, 1061, 1062, 1063]
(EngineCore pid=57) 2026-09-23 22:22:23.824 | INFO     | serving_packed_step:audit_log:94 - [PACKED] request=cmpl-9dba93ce52cd9704-0-a4705f0d segment=2 position=131117 prefix=7 emitted=7 predictions=[1047, 1048, 1049, 1050, 1051, 1052, 1053, 1061]
(EngineCore pid=57) 2026-09-23 22:22:23.829 | INFO     | serving_packed_step:audit_log:94 - [PACKED] request=cmpl-9024cf8f5de0dc4d-0-8bc999f9 segment=1 position=131121 prefix=10 emitted=10 predictions=[1052, 1053, 1054, 1055, 1056, 1057, 1058, 1059]
(EngineCore pid=57) 2026-09-23 22:22:23.837 | INFO     | serving_packed_step:audit_log:94 - [PACKED] request=cmpl-abd82f652d66105d-0-97b65c2f segment=0 position=131115 prefix=7 emitted=7 predictions=[1044, 1045, 1046, 1047, 1048, 1049, 1050, 1042]
(EngineCore pid=57) 2026-09-23 22:22:23.879 | INFO     | serving_worker_hook:_execute:229 - [PHASE] execute total=64 new=0 cached=4 spec=4 finished=[] preempted=[]
(EngineCore pid=57) 2026-09-23 22:22:24.049 | INFO     | packed_verifier:diagnostic:120 - [PACKED-PHASE] round=9 users=4 bind_ms=2.13 input_ms=4.86 trace_ms=157.46 sync_ms=0.97 readback_ms=2.45
(EngineCore pid=57) 2026-09-23 22:22:24.063 | INFO     | serving_packed_step:audit_log:94 - [PACKED] request=cmpl-84b96dff21adaaa7-0-9494e3bd segment=3 position=131132 prefix=6 emitted=6 predictions=[1064, 1065, 1066, 1003, 1004, 1005, 1005, 1051]
(EngineCore pid=57) 2026-09-23 22:22:24.071 | INFO     | serving_packed_step:audit_log:94 - [PACKED] request=cmpl-9dba93ce52cd9704-0-a4705f0d segment=2 position=131124 prefix=4 emitted=4 predictions=[1054, 1055, 1056, 1057, 1057, 1058, 1059, 1060]
(EngineCore pid=57) 2026-09-23 22:22:24.084 | INFO     | serving_packed_step:audit_log:94 - [PACKED] request=cmpl-9024cf8f5de0dc4d-0-8bc999f9 segment=1 position=131131 prefix=6 emitted=6 predictions=[1062, 1063, 1064, 1065, 1002, 1003, 271, 1054]
(EngineCore pid=57) 2026-09-23 22:22:24.095 | INFO     | serving_packed_step:audit_log:94 - [PACKED] request=cmpl-abd82f652d66105d-0-97b65c2f segment=0 position=131122 prefix=5 emitted=5 predictions=[1051, 1052, 1053, 1054, 1055, 1055, 1056, 1057]
(EngineCore pid=57) 2026-09-23 22:22:24.141 | INFO     | serving_worker_hook:_execute:229 - [PHASE] execute total=64 new=0 cached=4 spec=4 finished=[] preempted=[]
(EngineCore pid=57) 2026-09-23 22:22:24.310 | INFO     | packed_verifier:diagnostic:120 - [PACKED-PHASE] round=10 users=4 bind_ms=2.07 input_ms=5.98 trace_ms=157.42 sync_ms=1.01 readback_ms=0.89
(EngineCore pid=57) 2026-09-23 22:22:24.318 | INFO     | serving_packed_step:audit_log:94 - [PACKED] request=cmpl-84b96dff21adaaa7-0-9494e3bd segment=3 position=131138 prefix=7 emitted=7 predictions=[1006, 1007, 1008, 1009, 1010, 1011, 1012, 1044]
(EngineCore pid=57) 2026-09-23 22:22:24.332 | INFO     | serving_packed_step:audit_log:94 - [PACKED] request=cmpl-9dba93ce52cd9704-0-a4705f0d segment=2 position=131128 prefix=8 emitted=8 predictions=[1058, 1059, 1060, 1061, 1062, 1063, 1064, 1001]
(EngineCore pid=57) 2026-09-23 22:22:24.342 | INFO     | serving_packed_step:audit_log:94 - [PACKED] request=cmpl-9024cf8f5de0dc4d-0-8bc999f9 segment=1 position=131137 prefix=8 emitted=8 predictions=[1004, 1005, 1006, 1007, 1008, 1009, 1010, 1011]
(EngineCore pid=57) 2026-09-23 22:22:24.348 | INFO     | serving_packed_step:audit_log:94 - [PACKED] request=cmpl-abd82f652d66105d-0-97b65c2f segment=0 position=131127 prefix=7 emitted=7 predictions=[1056, 1057, 1058, 1059, 1060, 1061, 1062, 1062]
(EngineCore pid=57) 2026-09-23 22:22:24.391 | INFO     | serving_worker_hook:_execute:229 - [PHASE] execute total=64 new=0 cached=4 spec=4 finished=[] preempted=[]
(EngineCore pid=57) 2026-09-23 22:22:24.560 | INFO     | packed_verifier:diagnostic:120 - [PACKED-PHASE] round=11 users=4 bind_ms=2.01 input_ms=4.66 trace_ms=157.53 sync_ms=1.95 readback_ms=1.25
(EngineCore pid=57) 2026-09-23 22:22:24.574 | INFO     | serving_packed_step:audit_log:94 - [PACKED] request=cmpl-84b96dff21adaaa7-0-9494e3bd segment=3 position=131145 prefix=8 emitted=8 predictions=[1013, 1014, 1015, 1016, 1017, 1018, 1019, 1020]
(EngineCore pid=57) 2026-09-23 22:22:24.579 | INFO     | serving_packed_step:audit_log:94 - [PACKED] request=cmpl-9dba93ce52cd9704-0-a4705f0d segment=2 position=131136 prefix=9 emitted=9 predictions=[1002, 1003, 1004, 1005, 1006, 1007, 1008, 1009]
(EngineCore pid=57) 2026-09-23 22:22:24.585 | INFO     | serving_packed_step:audit_log:94 - [PACKED] request=cmpl-9024cf8f5de0dc4d-0-8bc999f9 segment=1 position=131145 prefix=10 emitted=10 predictions=[1012, 1013, 1014, 1015, 1016, 1017, 1018, 1019]
(EngineCore pid=57) 2026-09-23 22:22:24.594 | INFO     | serving_packed_step:audit_log:94 - [PACKED] request=cmpl-abd82f652d66105d-0-97b65c2f segment=0 position=131134 prefix=8 emitted=8 predictions=[1063, 1000, 1001, 1002, 1003, 1004, 1005, 1006]
(EngineCore pid=57) 2026-09-23 22:22:24.636 | INFO     | serving_worker_hook:_execute:229 - [PHASE] execute total=64 new=0 cached=4 spec=4 finished=[] preempted=[]
(EngineCore pid=57) 2026-09-23 22:22:24.804 | INFO     | packed_verifier:diagnostic:120 - [PACKED-PHASE] round=12 users=4 bind_ms=1.89 input_ms=4.23 trace_ms=157.38 sync_ms=1.51 readback_ms=1.63
(EngineCore pid=57) 2026-09-23 22:22:24.814 | INFO     | serving_packed_step:audit_log:94 - [PACKED] request=cmpl-84b96dff21adaaa7-0-9494e3bd segment=3 position=131153 prefix=6 emitted=6 predictions=[1021, 1022, 1023, 1024, 1025, 1026, 1027, 1028]
(EngineCore pid=57) 2026-09-23 22:22:24.820 | INFO     | serving_packed_step:audit_log:94 - [PACKED] request=cmpl-9dba93ce52cd9704-0-a4705f0d segment=2 position=131145 prefix=10 emitted=10 predictions=[1011, 1012, 1013, 1014, 1015, 1016, 1017, 1018]
(EngineCore pid=57) 2026-09-23 22:22:24.827 | INFO     | serving_packed_step:audit_log:94 - [PACKED] request=cmpl-9024cf8f5de0dc4d-0-8bc999f9 segment=1 position=131155 prefix=5 emitted=5 predictions=[1022, 1023, 1024, 1025, 1026, 1028, 1028, 1029]
(EngineCore pid=57) 2026-09-23 22:22:24.835 | INFO     | serving_packed_step:audit_log:94 - [PACKED] request=cmpl-abd82f652d66105d-0-97b65c2f segment=0 position=131142 prefix=9 emitted=9 predictions=[1007, 1008, 1009, 1010, 1011, 1012, 1013, 1014]
(EngineCore pid=57) 2026-09-23 22:22:24.971 | INFO     | serving_worker_hook:_execute:229 - [PHASE] execute total=64 new=0 cached=4 spec=4 finished=[] preempted=[]
(EngineCore pid=57) 2026-09-23 22:22:25.146 | INFO     | packed_verifier:diagnostic:120 - [PACKED-PHASE] round=13 users=4 bind_ms=2.04 input_ms=8.89 trace_ms=157.42 sync_ms=2.59 readback_ms=3.15
(EngineCore pid=57) 2026-09-23 22:22:25.153 | INFO     | serving_packed_step:audit_log:94 - [PACKED] request=cmpl-84b96dff21adaaa7-0-9494e3bd segment=3 position=131159 prefix=8 emitted=8 predictions=[1027, 1028, 1029, 1030, 1031, 1032, 1033, 1034]
(EngineCore pid=57) 2026-09-23 22:22:25.158 | INFO     | serving_packed_step:audit_log:94 - [PACKED] request=cmpl-9dba93ce52cd9704-0-a4705f0d segment=2 position=131155 prefix=6 emitted=6 predictions=[1021, 1022, 1023, 1024, 1025, 1026, 1027, 1028]
(EngineCore pid=57) 2026-09-23 22:22:25.168 | INFO     | serving_packed_step:audit_log:94 - [PACKED] request=cmpl-9024cf8f5de0dc4d-0-8bc999f9 segment=1 position=131160 prefix=9 emitted=9 predictions=[1027, 1028, 1029, 1030, 1031, 1032, 1033, 1034]
(EngineCore pid=57) 2026-09-23 22:22:25.196 | INFO     | serving_packed_step:audit_log:94 - [PACKED] request=cmpl-abd82f652d66105d-0-97b65c2f segment=0 position=131151 prefix=5 emitted=5 predictions=[1016, 1017, 1018, 1019, 1020, 1020, 1021, 198]
(EngineCore pid=57) 2026-09-23 22:22:25.238 | INFO     | serving_worker_hook:_execute:229 - [PHASE] execute total=64 new=0 cached=4 spec=4 finished=[] preempted=[]
(EngineCore pid=57) 2026-09-23 22:22:25.406 | INFO     | packed_verifier:diagnostic:120 - [PACKED-PHASE] round=14 users=4 bind_ms=2.00 input_ms=3.97 trace_ms=157.41 sync_ms=1.17 readback_ms=1.27
(EngineCore pid=57) 2026-09-23 22:22:25.416 | INFO     | serving_packed_step:audit_log:94 - [PACKED] request=cmpl-84b96dff21adaaa7-0-9494e3bd segment=3 position=131167 prefix=10 emitted=10 predictions=[1035, 1036, 1037, 1038, 1039, 1040, 1041, 1042]
(EngineCore pid=57) 2026-09-23 22:22:25.425 | INFO     | serving_packed_step:audit_log:94 - [PACKED] request=cmpl-9dba93ce52cd9704-0-a4705f0d segment=2 position=131161 prefix=6 emitted=6 predictions=[1027, 1028, 1029, 1030, 1031, 1032, 248046, 965]
(EngineCore pid=57) 2026-09-23 22:22:25.435 | INFO     | serving_packed_step:audit_log:94 - [PACKED] request=cmpl-9024cf8f5de0dc4d-0-8bc999f9 segment=1 position=131169 prefix=9 emitted=9 predictions=[1036, 1037, 1038, 1039, 1040, 1041, 1042, 1043]
(EngineCore pid=57) 2026-09-23 22:22:25.447 | INFO     | serving_packed_step:audit_log:94 - [PACKED] request=cmpl-abd82f652d66105d-0-97b65c2f segment=0 position=131156 prefix=6 emitted=6 predictions=[1021, 1022, 1023, 1024, 1025, 1026, 1027, 1028]
(EngineCore pid=57) 2026-09-23 22:22:25.489 | INFO     | serving_worker_hook:_execute:229 - [PHASE] execute total=64 new=0 cached=4 spec=4 finished=[] preempted=[]
(EngineCore pid=57) 2026-09-23 22:22:25.659 | INFO     | packed_verifier:diagnostic:120 - [PACKED-PHASE] round=15 users=4 bind_ms=2.05 input_ms=4.99 trace_ms=157.46 sync_ms=0.96 readback_ms=1.48
(EngineCore pid=57) 2026-09-23 22:22:25.666 | INFO     | serving_packed_step:audit_log:94 - [PACKED] request=cmpl-84b96dff21adaaa7-0-9494e3bd segment=3 position=131177 prefix=6 emitted=6 predictions=[1045, 1046, 1047, 1048, 1049, 1050, 1049, 1051]
(EngineCore pid=57) 2026-09-23 22:22:25.672 | INFO     | serving_packed_step:audit_log:94 - [PACKED] request=cmpl-9dba93ce52cd9704-0-a4705f0d segment=2 position=131167 prefix=1 emitted=1 predictions=[1033, 834, 1035, 1034, 1036, 1037, 1038, 1039]
(EngineCore pid=57) 2026-09-23 22:22:25.686 | INFO     | serving_packed_step:audit_log:94 - [PACKED] request=cmpl-9024cf8f5de0dc4d-0-8bc999f9 segment=1 position=131178 prefix=7 emitted=7 predictions=[1045, 1046, 1047, 1048, 1049, 1050, 1051, 1051]
(EngineCore pid=57) 2026-09-23 22:22:25.693 | INFO     | serving_packed_step:audit_log:94 - [PACKED] request=cmpl-abd82f652d66105d-0-97b65c2f segment=0 position=131162 prefix=6 emitted=6 predictions=[1027, 1028, 1029, 1030, 1031, 1032, 248046, 334]
(EngineCore pid=57) 2026-09-23 22:22:25.734 | INFO     | serving_worker_hook:_execute:229 - [PHASE] execute total=64 new=0 cached=4 spec=4 finished=[] preempted=[]
(EngineCore pid=57) 2026-09-23 22:22:25.907 | INFO     | packed_verifier:diagnostic:120 - [PACKED-PHASE] round=16 users=4 bind_ms=2.05 input_ms=6.10 trace_ms=157.50 sync_ms=1.83 readback_ms=3.78
(EngineCore pid=57) 2026-09-23 22:22:25.940 | INFO     | serving_packed_step:audit_log:94 - [PACKED] request=cmpl-84b96dff21adaaa7-0-9494e3bd segment=3 position=131183 prefix=5 emitted=5 predictions=[1051, 1052, 1053, 1054, 1055, 1055, 1056, 1057]
(EngineCore pid=57) 2026-09-23 22:22:25.946 | INFO     | serving_packed_step:audit_log:94 - [PACKED] request=cmpl-9dba93ce52cd9704-0-a4705f0d segment=2 position=131168 prefix=10 emitted=10 predictions=[1034, 1035, 1036, 1037, 1038, 1039, 1040, 1041]
(EngineCore pid=57) 2026-09-23 22:22:25.952 | INFO     | serving_packed_step:audit_log:94 - [PACKED] request=cmpl-9024cf8f5de0dc4d-0-8bc999f9 segment=1 position=131185 prefix=9 emitted=9 predictions=[1052, 1053, 1054, 1055, 1056, 1057, 1058, 1059]
(EngineCore pid=57) 2026-09-23 22:22:25.973 | INFO     | serving_packed_step:audit_log:94 - [PACKED] request=cmpl-abd82f652d66105d-0-97b65c2f segment=0 position=131168 prefix=1 emitted=1 predictions=[1033, 834, 1034, 1035, 1036, 1037, 1038, 1039]
(EngineCore pid=57) 2026-09-23 22:22:26.019 | INFO     | serving_worker_hook:_execute:229 - [PHASE] execute total=64 new=0 cached=4 spec=4 finished=[] preempted=[]
(EngineCore pid=57) 2026-09-23 22:22:26.190 | INFO     | packed_verifier:diagnostic:120 - [PACKED-PHASE] round=17 users=4 bind_ms=2.28 input_ms=4.90 trace_ms=157.41 sync_ms=0.93 readback_ms=1.09
(EngineCore pid=57) 2026-09-23 22:22:26.196 | INFO     | serving_packed_step:audit_log:94 - [PACKED] request=cmpl-84b96dff21adaaa7-0-9494e3bd segment=3 position=131188 prefix=7 emitted=7 predictions=[1056, 1057, 1058, 1059, 1060, 1061, 1062, 1066]
(EngineCore pid=57) 2026-09-23 22:22:26.202 | INFO     | serving_packed_step:audit_log:94 - [PACKED] request=cmpl-9dba93ce52cd9704-0-a4705f0d segment=2 position=131178 prefix=6 emitted=6 predictions=[1044, 1045, 1046, 1047, 1048, 1049, 1048, 1050]
(EngineCore pid=57) 2026-09-23 22:22:26.207 | INFO     | serving_packed_step:audit_log:94 - [PACKED] request=cmpl-9024cf8f5de0dc4d-0-8bc999f9 segment=1 position=131194 prefix=6 emitted=6 predictions=[1061, 1062, 1063, 1064, 1065, 1002, 271, 1065]
(EngineCore pid=57) 2026-09-23 22:22:26.214 | INFO     | serving_packed_step:audit_log:94 - [PACKED] request=cmpl-abd82f652d66105d-0-97b65c2f segment=0 position=131169 prefix=10 emitted=10 predictions=[1034, 1035, 1036, 1037, 1038, 1039, 1040, 1041]
(EngineCore pid=57) 2026-09-23 22:22:26.259 | INFO     | serving_worker_hook:_execute:229 - [PHASE] execute total=64 new=0 cached=4 spec=4 finished=[] preempted=[]
(APIServer pid=7) INFO 09-23 22:22:26 [loggers.py:273] Engine 000: Avg prompt throughput: 13106.7 tokens/s, Avg generation throughput: 47.1 tokens/s, Running: 4 reqs, Waiting: 0 reqs, GPU KV cache usage: 99.9%, Prefix cache hit rate: 0.0%
(APIServer pid=7) INFO 09-23 22:22:26 [metrics.py:120] SpecDecoding metrics: Mean acceptance length: 6.91, Accepted throughput: 1.37 tokens/s, Drafted throughput: 3.49 tokens/s, Accepted: 402 tokens, Drafted: 1020 tokens, Per-position acceptance rate: 0.941, 0.941, 0.926, 0.882, 0.809, 0.559, 0.426, 0.279, 0.147, 0.000, 0.000, 0.000, 0.000, 0.000, 0.000, Avg Draft acceptance rate: 39.4%
(EngineCore pid=57) 2026-09-23 22:22:26.427 | INFO     | packed_verifier:diagnostic:120 - [PACKED-PHASE] round=18 users=4 bind_ms=2.26 input_ms=4.66 trace_ms=157.45 sync_ms=0.98 readback_ms=1.18
(EngineCore pid=57) 2026-09-23 22:22:26.435 | INFO     | serving_packed_step:audit_log:94 - [PACKED] request=cmpl-84b96dff21adaaa7-0-9494e3bd segment=3 position=131195 prefix=7 emitted=7 predictions=[1063, 1064, 1065, 1066, 1003, 1004, 1005, 1020]
(EngineCore pid=57) 2026-09-23 22:22:26.445 | INFO     | serving_packed_step:audit_log:94 - [PACKED] request=cmpl-9dba93ce52cd9704-0-a4705f0d segment=2 position=131184 prefix=6 emitted=6 predictions=[1050, 1051, 1052, 1053, 1054, 1055, 1055, 1056]
(EngineCore pid=57) 2026-09-23 22:22:26.463 | INFO     | serving_packed_step:audit_log:94 - [PACKED] request=cmpl-9024cf8f5de0dc4d-0-8bc999f9 segment=1 position=131200 prefix=4 emitted=4 predictions=[1003, 1004, 1005, 1006, 1006, 1007, 1008, 1009]
(EngineCore pid=57) 2026-09-23 22:22:26.484 | INFO     | serving_packed_step:audit_log:94 - [PACKED] request=cmpl-abd82f652d66105d-0-97b65c2f segment=0 position=131179 prefix=6 emitted=6 predictions=[1044, 1045, 1046, 1047, 1048, 1049, 1010, 1050]
(EngineCore pid=57) 2026-09-23 22:22:26.540 | INFO     | serving_worker_hook:_execute:229 - [PHASE] execute total=64 new=0 cached=4 spec=4 finished=[] preempted=[]
(EngineCore pid=57) 2026-09-23 22:22:26.710 | INFO     | packed_verifier:diagnostic:120 - [PACKED-PHASE] round=19 users=4 bind_ms=2.12 input_ms=6.20 trace_ms=157.44 sync_ms=1.06 readback_ms=1.16
(EngineCore pid=57) 2026-09-23 22:22:26.718 | INFO     | serving_packed_step:audit_log:94 - [PACKED] request=cmpl-84b96dff21adaaa7-0-9494e3bd segment=3 position=131202 prefix=7 emitted=7 predictions=[1006, 1007, 1008, 1009, 1010, 1011, 1012, 1044]
(EngineCore pid=57) 2026-09-23 22:22:26.723 | INFO     | serving_packed_step:audit_log:94 - [PACKED] request=cmpl-9dba93ce52cd9704-0-a4705f0d segment=2 position=131190 prefix=9 emitted=9 predictions=[1056, 1057, 1058, 1059, 1060, 1061, 1062, 1063]
(EngineCore pid=57) 2026-09-23 22:22:26.729 | INFO     | serving_packed_step:audit_log:94 - [PACKED] request=cmpl-9024cf8f5de0dc4d-0-8bc999f9 segment=1 position=131204 prefix=9 emitted=9 predictions=[1007, 1008, 1009, 1010, 1011, 1012, 1013, 1014]
(EngineCore pid=57) 2026-09-23 22:22:26.736 | INFO     | serving_packed_step:audit_log:94 - [PACKED] request=cmpl-abd82f652d66105d-0-97b65c2f segment=0 position=131185 prefix=6 emitted=6 predictions=[1050, 1051, 1052, 1053, 1054, 1055, 1055, 1056]
(EngineCore pid=57) 2026-09-23 22:22:26.777 | INFO     | serving_worker_hook:_execute:229 - [PHASE] execute total=64 new=0 cached=4 spec=4 finished=[] preempted=[]
(EngineCore pid=57) 2026-09-23 22:22:26.949 | INFO     | packed_verifier:diagnostic:120 - [PACKED-PHASE] round=20 users=4 bind_ms=1.91 input_ms=5.94 trace_ms=157.37 sync_ms=1.56 readback_ms=3.96
(EngineCore pid=57) 2026-09-23 22:22:26.960 | INFO     | serving_packed_step:audit_log:94 - [PACKED] request=cmpl-84b96dff21adaaa7-0-9494e3bd segment=3 position=131209 prefix=8 emitted=8 predictions=[1013, 1014, 1015, 1016, 1017, 1018, 1019, 1020]
(EngineCore pid=57) 2026-09-23 22:22:26.970 | INFO     | serving_packed_step:audit_log:94 - [PACKED] request=cmpl-9dba93ce52cd9704-0-a4705f0d segment=2 position=131199 prefix=8 emitted=8 predictions=[1001, 1002, 1003, 1004, 1005, 1006, 1007, 1008]
(EngineCore pid=57) 2026-09-23 22:22:26.977 | INFO     | serving_packed_step:audit_log:94 - [PACKED] request=cmpl-9024cf8f5de0dc4d-0-8bc999f9 segment=1 position=131213 prefix=5 emitted=5 predictions=[1016, 1017, 1018, 1019, 1020, 1020, 1021, 1022]
(EngineCore pid=57) 2026-09-23 22:22:26.985 | INFO     | serving_packed_step:audit_log:94 - [PACKED] request=cmpl-abd82f652d66105d-0-97b65c2f segment=0 position=131191 prefix=8 emitted=8 predictions=[1056, 1057, 1058, 1059, 1060, 1061, 1062, 1063]
(EngineCore pid=57) 2026-09-23 22:22:27.028 | INFO     | serving_worker_hook:_execute:229 - [PHASE] execute total=64 new=0 cached=4 spec=4 finished=[] preempted=[]
(EngineCore pid=57) 2026-09-23 22:22:27.203 | INFO     | packed_verifier:diagnostic:120 - [PACKED-PHASE] round=21 users=4 bind_ms=2.03 input_ms=12.11 trace_ms=157.45 sync_ms=1.18 readback_ms=1.45
(EngineCore pid=57) 2026-09-23 22:22:27.212 | INFO     | serving_packed_step:audit_log:94 - [PACKED] request=cmpl-84b96dff21adaaa7-0-9494e3bd segment=3 position=131217 prefix=6 emitted=6 predictions=[1021, 1022, 1023, 1024, 1025, 1026, 1027, 1028]
(EngineCore pid=57) 2026-09-23 22:22:27.221 | INFO     | serving_packed_step:audit_log:94 - [PACKED] request=cmpl-9dba93ce52cd9704-0-a4705f0d segment=2 position=131207 prefix=4 emitted=4 predictions=[1009, 1010, 1011, 1012, 1012, 1013, 1014, 1015]
(EngineCore pid=57) 2026-09-23 22:22:27.233 | INFO     | serving_packed_step:audit_log:94 - [PACKED] request=cmpl-9024cf8f5de0dc4d-0-8bc999f9 segment=1 position=131218 prefix=6 emitted=6 predictions=[1021, 1022, 1023, 1024, 1025, 1026, 1028, 1028]
(EngineCore pid=57) 2026-09-23 22:22:27.249 | INFO     | serving_packed_step:audit_log:94 - [PACKED] request=cmpl-abd82f652d66105d-0-97b65c2f segment=0 position=131199 prefix=7 emitted=7 predictions=[1000, 1001, 1002, 1003, 1004, 1005, 1006, 1005]
(EngineCore pid=57) 2026-09-23 22:22:27.306 | INFO     | serving_worker_hook:_execute:229 - [PHASE] execute total=64 new=0 cached=4 spec=4 finished=[] preempted=[]
(EngineCore pid=57) 2026-09-23 22:22:27.478 | INFO     | packed_verifier:diagnostic:120 - [PACKED-PHASE] round=22 users=4 bind_ms=1.90 input_ms=4.64 trace_ms=157.40 sync_ms=2.16 readback_ms=4.65
(EngineCore pid=57) 2026-09-23 22:22:27.544 | INFO     | serving_packed_step:audit_log:94 - [PACKED] request=cmpl-84b96dff21adaaa7-0-9494e3bd segment=3 position=131223 prefix=8 emitted=8 predictions=[1027, 1028, 1029, 1030, 1031, 1032, 1033, 1034]
(EngineCore pid=57) 2026-09-23 22:22:27.564 | INFO     | serving_packed_step:audit_log:94 - [PACKED] request=cmpl-9dba93ce52cd9704-0-a4705f0d segment=2 position=131211 prefix=7 emitted=7 predictions=[1013, 1014, 1015, 1016, 1017, 1018, 1019, 1019]
(EngineCore pid=57) 2026-09-23 22:22:27.576 | INFO     | serving_packed_step:audit_log:94 - [PACKED] request=cmpl-9024cf8f5de0dc4d-0-8bc999f9 segment=1 position=131224 prefix=9 emitted=9 predictions=[1027, 1028, 1029, 1030, 1031, 1032, 1033, 1034]
(EngineCore pid=57) 2026-09-23 22:22:27.587 | INFO     | serving_packed_step:audit_log:94 - [PACKED] request=cmpl-abd82f652d66105d-0-97b65c2f segment=0 position=131206 prefix=10 emitted=10 predictions=[1007, 1008, 1009, 1010, 1011, 1012, 1013, 1014]
(EngineCore pid=57) 2026-09-23 22:22:27.632 | INFO     | serving_worker_hook:_execute:229 - [PHASE] execute total=64 new=0 cached=4 spec=4 finished=[] preempted=[]
(EngineCore pid=57) 2026-09-23 22:22:27.802 | INFO     | packed_verifier:diagnostic:120 - [PACKED-PHASE] round=23 users=4 bind_ms=2.00 input_ms=4.97 trace_ms=157.47 sync_ms=1.51 readback_ms=1.56
(EngineCore pid=57) 2026-09-23 22:22:27.823 | INFO     | serving_packed_step:audit_log:94 - [PACKED] request=cmpl-84b96dff21adaaa7-0-9494e3bd segment=3 position=131231 prefix=10 emitted=10 predictions=[1035, 1036, 1037, 1038, 1039, 1040, 1041, 1042]
(EngineCore pid=57) 2026-09-23 22:22:27.856 | INFO     | serving_packed_step:audit_log:94 - [PACKED] request=cmpl-9dba93ce52cd9704-0-a4705f0d segment=2 position=131218 prefix=7 emitted=7 predictions=[1020, 1021, 1022, 1023, 1024, 1025, 1026, 1027]
(EngineCore pid=57) 2026-09-23 22:22:27.872 | INFO     | serving_packed_step:audit_log:94 - [PACKED] request=cmpl-9024cf8f5de0dc4d-0-8bc999f9 segment=1 position=131233 prefix=9 emitted=9 predictions=[1036, 1037, 1038, 1039, 1040, 1041, 1042, 1043]
(EngineCore pid=57) 2026-09-23 22:22:27.879 | INFO     | serving_packed_step:audit_log:94 - [PACKED] request=cmpl-abd82f652d66105d-0-97b65c2f segment=0 position=131216 prefix=3 emitted=3 predictions=[1017, 1018, 1019, 1019, 1020, 1021, 1022, 1023]
(EngineCore pid=57) 2026-09-23 22:22:27.921 | INFO     | serving_worker_hook:_execute:229 - [PHASE] execute total=64 new=0 cached=4 spec=4 finished=[] preempted=[]
(EngineCore pid=57) 2026-09-23 22:22:28.103 | INFO     | packed_verifier:diagnostic:120 - [PACKED-PHASE] round=24 users=4 bind_ms=2.02 input_ms=17.96 trace_ms=157.44 sync_ms=1.04 readback_ms=1.14
(EngineCore pid=57) 2026-09-23 22:22:28.111 | INFO     | serving_packed_step:audit_log:94 - [PACKED] request=cmpl-84b96dff21adaaa7-0-9494e3bd segment=3 position=131241 prefix=6 emitted=6 predictions=[1045, 1046, 1047, 1048, 1049, 1050, 1049, 1051]
(EngineCore pid=57) 2026-09-23 22:22:28.117 | INFO     | serving_packed_step:audit_log:94 - [PACKED] request=cmpl-9dba93ce52cd9704-0-a4705f0d segment=2 position=131225 prefix=6 emitted=6 predictions=[1027, 1028, 1029, 1030, 1031, 1032, 248046, 965]
(EngineCore pid=57) 2026-09-23 22:22:28.123 | INFO     | serving_packed_step:audit_log:94 - [PACKED] request=cmpl-9024cf8f5de0dc4d-0-8bc999f9 segment=1 position=131242 prefix=7 emitted=7 predictions=[1045, 1046, 1047, 1048, 1049, 1050, 1051, 1051]
(EngineCore pid=57) 2026-09-23 22:22:28.130 | INFO     | serving_packed_step:audit_log:94 - [PACKED] request=cmpl-abd82f652d66105d-0-97b65c2f segment=0 position=131219 prefix=7 emitted=7 predictions=[1020, 1021, 1022, 1023, 1024, 1025, 1026, 1027]
(EngineCore pid=57) 2026-09-23 22:22:28.173 | INFO     | serving_worker_hook:_execute:229 - [PHASE] execute total=64 new=0 cached=4 spec=4 finished=[] preempted=[]
(EngineCore pid=57) 2026-09-23 22:22:28.345 | INFO     | packed_verifier:diagnostic:120 - [PACKED-PHASE] round=25 users=4 bind_ms=1.94 input_ms=5.50 trace_ms=157.46 sync_ms=1.89 readback_ms=3.80
(EngineCore pid=57) 2026-09-23 22:22:28.369 | INFO     | serving_packed_step:audit_log:94 - [PACKED] request=cmpl-84b96dff21adaaa7-0-9494e3bd segment=3 position=131247 prefix=5 emitted=5 predictions=[1051, 1052, 1053, 1054, 1055, 1055, 1056, 1057]
(EngineCore pid=57) 2026-09-23 22:22:28.375 | INFO     | serving_packed_step:audit_log:94 - [PACKED] request=cmpl-9dba93ce52cd9704-0-a4705f0d segment=2 position=131231 prefix=1 emitted=1 predictions=[1033, 834, 1035, 1034, 1036, 1037, 1038, 1039]
(EngineCore pid=57) 2026-09-23 22:22:28.381 | INFO     | serving_packed_step:audit_log:94 - [PACKED] request=cmpl-9024cf8f5de0dc4d-0-8bc999f9 segment=1 position=131249 prefix=9 emitted=9 predictions=[1052, 1053, 1054, 1055, 1056, 1057, 1058, 1059]
(EngineCore pid=57) 2026-09-23 22:22:28.393 | INFO     | serving_packed_step:audit_log:94 - [PACKED] request=cmpl-abd82f652d66105d-0-97b65c2f segment=0 position=131226 prefix=9 emitted=9 predictions=[1027, 1028, 1029, 1030, 1031, 1032, 1033, 1034]
(EngineCore pid=57) 2026-09-23 22:22:28.438 | INFO     | serving_worker_hook:_execute:229 - [PHASE] execute total=64 new=0 cached=4 spec=4 finished=[] preempted=[]
(EngineCore pid=57) 2026-09-23 22:22:28.608 | INFO     | packed_verifier:diagnostic:120 - [PACKED-PHASE] round=26 users=4 bind_ms=2.31 input_ms=5.22 trace_ms=157.49 sync_ms=1.32 readback_ms=1.18
(EngineCore pid=57) 2026-09-23 22:22:28.620 | INFO     | serving_packed_step:audit_log:94 - [PACKED] request=cmpl-84b96dff21adaaa7-0-9494e3bd segment=3 position=131252 prefix=7 emitted=7 predictions=[1056, 1057, 1058, 1059, 1060, 1061, 1062, 1066]
(EngineCore pid=57) 2026-09-23 22:22:28.630 | INFO     | serving_packed_step:audit_log:94 - [PACKED] request=cmpl-9dba93ce52cd9704-0-a4705f0d segment=2 position=131232 prefix=10 emitted=10 predictions=[1034, 1035, 1036, 1037, 1038, 1039, 1040, 1041]
(EngineCore pid=57) 2026-09-23 22:22:28.640 | INFO     | serving_packed_step:audit_log:94 - [PACKED] request=cmpl-9024cf8f5de0dc4d-0-8bc999f9 segment=1 position=131258 prefix=6 emitted=6 predictions=[1061, 1062, 1063, 1064, 1065, 1002, 1003, 1065]
(EngineCore pid=57) 2026-09-23 22:22:28.651 | INFO     | serving_packed_step:audit_log:94 - [PACKED] request=cmpl-abd82f652d66105d-0-97b65c2f segment=0 position=131235 prefix=8 emitted=8 predictions=[1036, 1037, 1038, 1039, 1040, 1041, 1042, 1043]
(EngineCore pid=57) 2026-09-23 22:22:28.698 | INFO     | serving_worker_hook:_execute:229 - [PHASE] execute total=64 new=0 cached=4 spec=4 finished=[] preempted=[]
(EngineCore pid=57) 2026-09-23 22:22:28.868 | INFO     | packed_verifier:diagnostic:120 - [PACKED-PHASE] round=27 users=4 bind_ms=2.02 input_ms=5.70 trace_ms=157.46 sync_ms=1.17 readback_ms=1.23
(EngineCore pid=57) 2026-09-23 22:22:28.876 | INFO     | serving_packed_step:audit_log:94 - [PACKED] request=cmpl-84b96dff21adaaa7-0-9494e3bd segment=3 position=131259 prefix=7 emitted=7 predictions=[1063, 1064, 1065, 1066, 1003, 1004, 1005, 1020]
(EngineCore pid=57) 2026-09-23 22:22:28.883 | INFO     | serving_packed_step:audit_log:94 - [PACKED] request=cmpl-9dba93ce52cd9704-0-a4705f0d segment=2 position=131242 prefix=7 emitted=7 predictions=[1044, 1045, 1046, 1047, 1048, 1049, 1050, 1045]
(EngineCore pid=57) 2026-09-23 22:22:28.891 | INFO     | serving_packed_step:audit_log:94 - [PACKED] request=cmpl-9024cf8f5de0dc4d-0-8bc999f9 segment=1 position=131264 prefix=4 emitted=4 predictions=[1003, 1004, 1005, 1006, 1005, 1007, 1008, 1009]
(EngineCore pid=57) 2026-09-23 22:22:28.899 | INFO     | serving_packed_step:audit_log:94 - [PACKED] request=cmpl-abd82f652d66105d-0-97b65c2f segment=0 position=131243 prefix=7 emitted=7 predictions=[1044, 1045, 1046, 1047, 1048, 1049, 1050, 1042]
(EngineCore pid=57) 2026-09-23 22:22:28.943 | INFO     | serving_worker_hook:_execute:229 - [PHASE] execute total=64 new=0 cached=4 spec=4 finished=[] preempted=[]
(EngineCore pid=57) 2026-09-23 22:22:29.115 | INFO     | packed_verifier:diagnostic:120 - [PACKED-PHASE] round=28 users=4 bind_ms=2.12 input_ms=5.88 trace_ms=157.46 sync_ms=1.10 readback_ms=4.15
(EngineCore pid=57) 2026-09-23 22:22:29.125 | INFO     | serving_packed_step:audit_log:94 - [PACKED] request=cmpl-84b96dff21adaaa7-0-9494e3bd segment=3 position=131266 prefix=7 emitted=7 predictions=[1006, 1007, 1008, 1009, 1010, 1011, 1012, 1044]
(EngineCore pid=57) 2026-09-23 22:22:29.132 | INFO     | serving_packed_step:audit_log:94 - [PACKED] request=cmpl-9dba93ce52cd9704-0-a4705f0d segment=2 position=131249 prefix=5 emitted=5 predictions=[1051, 1052, 1053, 1054, 1055, 1055, 1056, 1057]
(EngineCore pid=57) 2026-09-23 22:22:29.139 | INFO     | serving_packed_step:audit_log:94 - [PACKED] request=cmpl-9024cf8f5de0dc4d-0-8bc999f9 segment=1 position=131268 prefix=7 emitted=7 predictions=[1007, 1008, 1009, 1010, 1011, 1012, 1013, 1013]
(EngineCore pid=57) 2026-09-23 22:22:29.150 | INFO     | serving_packed_step:audit_log:94 - [PACKED] request=cmpl-abd82f652d66105d-0-97b65c2f segment=0 position=131250 prefix=5 emitted=5 predictions=[1051, 1052, 1053, 1054, 1055, 1055, 1056, 1057]
(EngineCore pid=57) 2026-09-23 22:22:29.226 | INFO     | serving_worker_hook:_execute:229 - [PHASE] execute total=64 new=0 cached=4 spec=4 finished=[] preempted=[]
(EngineCore pid=57) 2026-09-23 22:22:29.397 | INFO     | packed_verifier:diagnostic:120 - [PACKED-PHASE] round=29 users=4 bind_ms=1.98 input_ms=4.84 trace_ms=157.40 sync_ms=1.86 readback_ms=3.75
(EngineCore pid=57) 2026-09-23 22:22:29.405 | INFO     | serving_packed_step:audit_log:94 - [PACKED] request=cmpl-84b96dff21adaaa7-0-9494e3bd segment=3 position=131273 prefix=8 emitted=8 predictions=[1013, 1014, 1015, 1016, 1017, 1018, 1019, 1020]
(EngineCore pid=57) 2026-09-23 22:22:29.410 | INFO     | serving_packed_step:audit_log:94 - [PACKED] request=cmpl-9dba93ce52cd9704-0-a4705f0d segment=2 position=131254 prefix=9 emitted=9 predictions=[1056, 1057, 1058, 1059, 1060, 1061, 1062, 1063]
(EngineCore pid=57) 2026-09-23 22:22:29.416 | INFO     | serving_packed_step:audit_log:94 - [PACKED] request=cmpl-9024cf8f5de0dc4d-0-8bc999f9 segment=1 position=131275 prefix=9 emitted=9 predictions=[1014, 1015, 1016, 1017, 1018, 1019, 1020, 1021]
(EngineCore pid=57) 2026-09-23 22:22:29.423 | INFO     | serving_packed_step:audit_log:94 - [PACKED] request=cmpl-abd82f652d66105d-0-97b65c2f segment=0 position=131255 prefix=7 emitted=7 predictions=[1056, 1057, 1058, 1059, 1060, 1061, 1062, 1062]
(EngineCore pid=57) 2026-09-23 22:22:29.464 | INFO     | serving_worker_hook:_execute:229 - [PHASE] execute total=64 new=0 cached=4 spec=4 finished=[] preempted=[]
(EngineCore pid=57) 2026-09-23 22:22:29.636 | INFO     | packed_verifier:diagnostic:120 - [PACKED-PHASE] round=30 users=4 bind_ms=1.93 input_ms=6.07 trace_ms=157.36 sync_ms=1.55 readback_ms=3.56
(EngineCore pid=57) 2026-09-23 22:22:29.663 | INFO     | serving_packed_step:audit_log:94 - [PACKED] request=cmpl-84b96dff21adaaa7-0-9494e3bd segment=3 position=131281 prefix=6 emitted=6 predictions=[1021, 1022, 1023, 1024, 1025, 1026, 1027, 1028]
(EngineCore pid=57) 2026-09-23 22:22:29.680 | INFO     | serving_packed_step:audit_log:94 - [PACKED] request=cmpl-9dba93ce52cd9704-0-a4705f0d segment=2 position=131263 prefix=8 emitted=8 predictions=[1001, 1002, 1003, 1004, 1005, 1006, 1007, 1008]
(EngineCore pid=57) 2026-09-23 22:22:29.700 | INFO     | serving_packed_step:audit_log:94 - [PACKED] request=cmpl-9024cf8f5de0dc4d-0-8bc999f9 segment=1 position=131284 prefix=4 emitted=4 predictions=[1023, 1024, 1025, 1026, 1028, 1028, 1029, 1262]
(EngineCore pid=57) 2026-09-23 22:22:29.719 | INFO     | serving_packed_step:audit_log:94 - [PACKED] request=cmpl-abd82f652d66105d-0-97b65c2f segment=0 position=131262 prefix=6 emitted=6 predictions=[1063, 1000, 1001, 1002, 1003, 1004, 1004, 1005]
(EngineCore pid=57) 2026-09-23 22:22:29.765 | INFO     | serving_worker_hook:_execute:229 - [PHASE] execute total=64 new=0 cached=4 spec=4 finished=[] preempted=[]
(EngineCore pid=57) 2026-09-23 22:22:29.937 | INFO     | packed_verifier:diagnostic:120 - [PACKED-PHASE] round=31 users=4 bind_ms=1.98 input_ms=4.20 trace_ms=157.45 sync_ms=2.57 readback_ms=4.50
(EngineCore pid=57) 2026-09-23 22:22:29.959 | INFO     | serving_packed_step:audit_log:94 - [PACKED] request=cmpl-84b96dff21adaaa7-0-9494e3bd segment=3 position=131287 prefix=8 emitted=8 predictions=[1027, 1028, 1029, 1030, 1031, 1032, 1033, 1034]
(EngineCore pid=57) 2026-09-23 22:22:29.965 | INFO     | serving_packed_step:audit_log:94 - [PACKED] request=cmpl-9dba93ce52cd9704-0-a4705f0d segment=2 position=131271 prefix=4 emitted=4 predictions=[1009, 1010, 1011, 1012, 1012, 1013, 1014, 1015]
(EngineCore pid=57) 2026-09-23 22:22:29.971 | INFO     | serving_packed_step:audit_log:94 - [PACKED] request=cmpl-9024cf8f5de0dc4d-0-8bc999f9 segment=1 position=131288 prefix=9 emitted=9 predictions=[1027, 1028, 1029, 1030, 1031, 1032, 1033, 1034]
(EngineCore pid=57) 2026-09-23 22:22:29.980 | INFO     | serving_packed_step:audit_log:94 - [PACKED] request=cmpl-abd82f652d66105d-0-97b65c2f segment=0 position=131268 prefix=4 emitted=4 predictions=[1005, 1006, 1007, 1008, 1010, 1009, 1011, 1012]
(EngineCore pid=57) 2026-09-23 22:22:30.022 | INFO     | serving_worker_hook:_execute:229 - [PHASE] execute total=64 new=0 cached=4 spec=4 finished=[] preempted=[]
(EngineCore pid=57) 2026-09-23 22:22:30.193 | INFO     | packed_verifier:diagnostic:120 - [PACKED-PHASE] round=32 users=4 bind_ms=1.96 input_ms=8.00 trace_ms=157.47 sync_ms=1.02 readback_ms=0.96
(EngineCore pid=57) 2026-09-23 22:22:30.200 | INFO     | serving_packed_step:audit_log:94 - [PACKED] request=cmpl-84b96dff21adaaa7-0-9494e3bd segment=3 position=131295 prefix=10 emitted=10 predictions=[1035, 1036, 1037, 1038, 1039, 1040, 1041, 1042]
(EngineCore pid=57) 2026-09-23 22:22:30.205 | INFO     | serving_packed_step:audit_log:94 - [PACKED] request=cmpl-9dba93ce52cd9704-0-a4705f0d segment=2 position=131275 prefix=7 emitted=7 predictions=[1013, 1014, 1015, 1016, 1017, 1018, 1019, 1019]
(EngineCore pid=57) 2026-09-23 22:22:30.212 | INFO     | serving_packed_step:audit_log:94 - [PACKED] request=cmpl-9024cf8f5de0dc4d-0-8bc999f9 segment=1 position=131297 prefix=9 emitted=9 predictions=[1036, 1037, 1038, 1039, 1040, 1041, 1042, 1043]
(EngineCore pid=57) 2026-09-23 22:22:30.219 | INFO     | serving_packed_step:audit_log:94 - [PACKED] request=cmpl-abd82f652d66105d-0-97b65c2f segment=0 position=131272 prefix=4 emitted=4 predictions=[1009, 1010, 1011, 1012, 1012, 1013, 1014, 1015]
(EngineCore pid=57) 2026-09-23 22:22:30.260 | INFO     | serving_worker_hook:_execute:229 - [PHASE] execute total=64 new=0 cached=4 spec=4 finished=[] preempted=[]
(EngineCore pid=57) 2026-09-23 22:22:30.433 | INFO     | packed_verifier:diagnostic:120 - [PACKED-PHASE] round=33 users=4 bind_ms=1.89 input_ms=7.02 trace_ms=157.39 sync_ms=1.08 readback_ms=3.73
(EngineCore pid=57) 2026-09-23 22:22:30.440 | INFO     | serving_packed_step:audit_log:94 - [PACKED] request=cmpl-84b96dff21adaaa7-0-9494e3bd segment=3 position=131305 prefix=6 emitted=6 predictions=[1045, 1046, 1047, 1048, 1049, 1050, 381, 1051]
(EngineCore pid=57) 2026-09-23 22:22:30.451 | INFO     | serving_packed_step:audit_log:94 - [PACKED] request=cmpl-9dba93ce52cd9704-0-a4705f0d segment=2 position=131282 prefix=7 emitted=7 predictions=[1020, 1021, 1022, 1023, 1024, 1025, 1026, 1027]
(EngineCore pid=57) 2026-09-23 22:22:30.460 | INFO     | serving_packed_step:audit_log:94 - [PACKED] request=cmpl-9024cf8f5de0dc4d-0-8bc999f9 segment=1 position=131306 prefix=7 emitted=7 predictions=[1045, 1046, 1047, 1048, 1049, 1050, 1051, 1051]
(EngineCore pid=57) 2026-09-23 22:22:30.467 | INFO     | serving_packed_step:audit_log:94 - [PACKED] request=cmpl-abd82f652d66105d-0-97b65c2f segment=0 position=131276 prefix=7 emitted=7 predictions=[1013, 1014, 1015, 1016, 1017, 1018, 1019, 1019]
(EngineCore pid=57) 2026-09-23 22:22:30.513 | INFO     | serving_worker_hook:_execute:229 - [PHASE] execute total=16 new=0 cached=4 spec=4 finished=[] preempted=[]
(EngineCore pid=57) 2026-09-23 22:22:31.011 | INFO     | serving_worker_hook:_execute:229 - [PHASE] execute total=16 new=0 cached=4 spec=4 finished=[] preempted=[]
(EngineCore pid=57) 2026-09-23 22:22:31.549 | INFO     | serving_worker_hook:_execute:229 - [PHASE] execute total=16 new=0 cached=4 spec=4 finished=[] preempted=[]
(EngineCore pid=57) 2026-09-23 22:22:32.027 | INFO     | serving_worker_hook:_execute:229 - [PHASE] execute total=14 new=0 cached=4 spec=4 finished=[] preempted=[]
(EngineCore pid=57) 2026-09-23 22:22:32.550 | INFO     | serving_worker_hook:_execute:229 - [PHASE] execute total=11 new=0 cached=4 spec=3 finished=[] preempted=[]
(EngineCore pid=57) {"stage": "fast_serving_phases", "blocks": [{"position": 131072, "rows": 16, "committed": 4, "verifier": {"users": 4, "packed": true, "segment": 1}}, {"position": 131076, "rows": 16, "committed": 6, "verifier": {"users": 4, "packed": true, "segment": 1}}, {"position": 131082, "rows": 16, "committed": 8, "verifier": {"users": 4, "packed": true, "segment": 1}}, {"position": 131090, "rows": 16, "committed": 6, "verifier": {"users": 4, "packed": true, "segment": 1}}, {"position": 131096, "rows": 16, "committed": 9, "verifier": {"users": 4, "packed": true, "segment": 1}}, {"position": 131105, "rows": 16, "committed": 9, "verifier": {"users": 4, "packed": true, "segment": 1}}, {"position": 131114, "rows": 16, "committed": 7, "verifier": {"users": 4, "packed": true, "segment": 1}}, {"position": 131121, "rows": 16, "committed": 10, "verifier": {"users": 4, "packed": true, "segment": 1}}, {"position": 131131, "rows": 16, "committed": 6, "verifier": {"users": 4, "packed": true, "segment": 1}}, {"position": 131137, "rows": 16, "committed": 8, "verifier": {"users": 4, "packed": true, "segment": 1}}, {"position": 131145, "rows": 16, "committed": 10, "verifier": {"users": 4, "packed": true, "segment": 1}}, {"position": 131155, "rows": 16, "committed": 5, "verifier": {"users": 4, "packed": true, "segment": 1}}, {"position": 131160, "rows": 16, "committed": 9, "verifier": {"users": 4, "packed": true, "segment": 1}}, {"position": 131169, "rows": 16, "committed": 9, "verifier": {"users": 4, "packed": true, "segment": 1}}, {"position": 131178, "rows": 16, "committed": 7, "verifier": {"users": 4, "packed": true, "segment": 1}}, {"position": 131185, "rows": 16, "committed": 9, "verifier": {"users": 4, "packed": true, "segment": 1}}, {"position": 131194, "rows": 16, "committed": 6, "verifier": {"users": 4, "packed": true, "segment": 1}}, {"position": 131200, "rows": 16, "committed": 4, "verifier": {"users": 4, "packed": true, "segment": 1}}, {"position": 131204, "rows": 16, "committed": 9, "verifier": {"users": 4, "packed": true, "segment": 1}}, {"position": 131213, "rows": 16, "committed": 5, "verifier": {"users": 4, "packed": true, "segment": 1}}, {"position": 131218, "rows": 16, "committed": 6, "verifier": {"users": 4, "packed": true, "segment": 1}}, {"position": 131224, "rows": 16, "committed": 9, "verifier": {"users": 4, "packed": true, "segment": 1}}, {"position": 131233, "rows": 16, "committed": 9, "verifier": {"users": 4, "packed": true, "segment": 1}}, {"position": 131242, "rows": 16, "committed": 7, "verifier": {"users": 4, "packed": true, "segment": 1}}, {"position": 131249, "rows": 16, "committed": 9, "verifier": {"users": 4, "packed": true, "segment": 1}}, {"position": 131258, "rows": 16, "committed": 6, "verifier": {"users": 4, "packed": true, "segment": 1}}, {"position": 131264, "rows": 16, "committed": 4, "verifier": {"users": 4, "packed": true, "segment": 1}}, {"position": 131268, "rows": 16, "committed": 7, "verifier": {"users": 4, "packed": true, "segment": 1}}, {"position": 131275, "rows": 16, "committed": 9, "verifier": {"users": 4, "packed": true, "segment": 1}}, {"position": 131284, "rows": 16, "committed": 4, "verifier": {"users": 4, "packed": true, "segment": 1}}, {"position": 131288, "rows": 16, "committed": 9, "verifier": {"users": 4, "packed": true, "segment": 1}}, {"position": 131297, "rows": 16, "committed": 9, "verifier": {"users": 4, "packed": true, "segment": 1}}, {"position": 131306, "rows": 16, "committed": 7, "verifier": {"users": 4, "packed": true, "segment": 1}}, {"position": 131313, "rows": 4, "committed": 4}, {"position": 131317, "rows": 4, "committed": 4}, {"position": 131321, "rows": 4, "committed": 4}, {"position": 131325, "rows": 2, "committed": 1}, {"position": 131326, "rows": 1, "committed": 1}], "cancelled": false, "finished": true, "timing_scope": "Host wall time, existing blocking boundaries; verifier detail is nested", "added_device_fences": false, "performance_qualified": false}
(EngineCore pid=57) 2026-09-23 22:22:33.071 | INFO     | serving_worker_hook:_execute:229 - [PHASE] execute total=9 new=0 cached=3 spec=2 finished=['cmpl-9024cf8f5de0dc4d-0-8bc999f9'] preempted=[]
(EngineCore pid=57) {"stage": "fast_serving_phases", "blocks": [{"position": 131072, "rows": 16, "committed": 9, "verifier": {"users": 4, "packed": true, "segment": 3}}, {"position": 131081, "rows": 16, "committed": 8, "verifier": {"users": 4, "packed": true, "segment": 3}}, {"position": 131089, "rows": 16, "committed": 6, "verifier": {"users": 4, "packed": true, "segment": 3}}, {"position": 131095, "rows": 16, "committed": 8, "verifier": {"users": 4, "packed": true, "segment": 3}}, {"position": 131103, "rows": 16, "committed": 10, "verifier": {"users": 4, "packed": true, "segment": 3}}, {"position": 131113, "rows": 16, "committed": 6, "verifier": {"users": 4, "packed": true, "segment": 3}}, {"position": 131119, "rows": 16, "committed": 5, "verifier": {"users": 4, "packed": true, "segment": 3}}, {"position": 131124, "rows": 16, "committed": 8, "verifier": {"users": 4, "packed": true, "segment": 3}}, {"position": 131132, "rows": 16, "committed": 6, "verifier": {"users": 4, "packed": true, "segment": 3}}, {"position": 131138, "rows": 16, "committed": 7, "verifier": {"users": 4, "packed": true, "segment": 3}}, {"position": 131145, "rows": 16, "committed": 8, "verifier": {"users": 4, "packed": true, "segment": 3}}, {"position": 131153, "rows": 16, "committed": 6, "verifier": {"users": 4, "packed": true, "segment": 3}}, {"position": 131159, "rows": 16, "committed": 8, "verifier": {"users": 4, "packed": true, "segment": 3}}, {"position": 131167, "rows": 16, "committed": 10, "verifier": {"users": 4, "packed": true, "segment": 3}}, {"position": 131177, "rows": 16, "committed": 6, "verifier": {"users": 4, "packed": true, "segment": 3}}, {"position": 131183, "rows": 16, "committed": 5, "verifier": {"users": 4, "packed": true, "segment": 3}}, {"position": 131188, "rows": 16, "committed": 7, "verifier": {"users": 4, "packed": true, "segment": 3}}, {"position": 131195, "rows": 16, "committed": 7, "verifier": {"users": 4, "packed": true, "segment": 3}}, {"position": 131202, "rows": 16, "committed": 7, "verifier": {"users": 4, "packed": true, "segment": 3}}, {"position": 131209, "rows": 16, "committed": 8, "verifier": {"users": 4, "packed": true, "segment": 3}}, {"position": 131217, "rows": 16, "committed": 6, "verifier": {"users": 4, "packed": true, "segment": 3}}, {"position": 131223, "rows": 16, "committed": 8, "verifier": {"users": 4, "packed": true, "segment": 3}}, {"position": 131231, "rows": 16, "committed": 10, "verifier": {"users": 4, "packed": true, "segment": 3}}, {"position": 131241, "rows": 16, "committed": 6, "verifier": {"users": 4, "packed": true, "segment": 3}}, {"position": 131247, "rows": 16, "committed": 5, "verifier": {"users": 4, "packed": true, "segment": 3}}, {"position": 131252, "rows": 16, "committed": 7, "verifier": {"users": 4, "packed": true, "segment": 3}}, {"position": 131259, "rows": 16, "committed": 7, "verifier": {"users": 4, "packed": true, "segment": 3}}, {"position": 131266, "rows": 16, "committed": 7, "verifier": {"users": 4, "packed": true, "segment": 3}}, {"position": 131273, "rows": 16, "committed": 8, "verifier": {"users": 4, "packed": true, "segment": 3}}, {"position": 131281, "rows": 16, "committed": 6, "verifier": {"users": 4, "packed": true, "segment": 3}}, {"position": 131287, "rows": 16, "committed": 8, "verifier": {"users": 4, "packed": true, "segment": 3}}, {"position": 131295, "rows": 16, "committed": 10, "verifier": {"users": 4, "packed": true, "segment": 3}}, {"position": 131305, "rows": 16, "committed": 6, "verifier": {"users": 4, "packed": true, "segment": 3}}, {"position": 131311, "rows": 4, "committed": 4}, {"position": 131315, "rows": 4, "committed": 4}, {"position": 131319, "rows": 4, "committed": 4}, {"position": 131323, "rows": 4, "committed": 2}, {"position": 131325, "rows": 2, "committed": 1}, {"position": 131326, "rows": 1, "committed": 1}], "cancelled": false, "finished": true, "timing_scope": "Host wall time, existing blocking boundaries; verifier detail is nested", "added_device_fences": false, "performance_qualified": false}
(EngineCore pid=57) 2026-09-23 22:22:33.509 | INFO     | serving_worker_hook:_execute:229 - [PHASE] execute total=8 new=0 cached=2 spec=2 finished=['cmpl-84b96dff21adaaa7-0-9494e3bd'] preempted=[]
(EngineCore pid=57) 2026-09-23 22:22:33.759 | INFO     | serving_worker_hook:_execute:229 - [PHASE] execute total=8 new=0 cached=2 spec=2 finished=[] preempted=[]
(EngineCore pid=57) 2026-09-23 22:22:34.048 | INFO     | serving_worker_hook:_execute:229 - [PHASE] execute total=8 new=0 cached=2 spec=2 finished=[] preempted=[]
(EngineCore pid=57) 2026-09-23 22:22:34.334 | INFO     | serving_worker_hook:_execute:229 - [PHASE] execute total=8 new=0 cached=2 spec=2 finished=[] preempted=[]
(EngineCore pid=57) 2026-09-23 22:22:34.592 | INFO     | serving_worker_hook:_execute:229 - [PHASE] execute total=8 new=0 cached=2 spec=2 finished=[] preempted=[]
(EngineCore pid=57) 2026-09-23 22:22:34.846 | INFO     | serving_worker_hook:_execute:229 - [PHASE] execute total=8 new=0 cached=2 spec=2 finished=[] preempted=[]
(EngineCore pid=57) 2026-09-23 22:22:35.268 | INFO     | serving_worker_hook:_execute:229 - [PHASE] execute total=8 new=0 cached=2 spec=2 finished=[] preempted=[]
(EngineCore pid=57) 2026-09-23 22:22:35.553 | INFO     | serving_worker_hook:_execute:229 - [PHASE] execute total=6 new=0 cached=2 spec=2 finished=[] preempted=[]
(EngineCore pid=57) INFO 09-23 22:22:35 [core.py:1214] [shutdown] EngineCore: trigger received signal=SIGTERM
(EngineCore pid=57) {"stage": "fast_serving_phases", "blocks": [{"position": 131072, "rows": 16, "committed": 8, "verifier": {"users": 4, "packed": true, "segment": 0}}, {"position": 131080, "rows": 16, "committed": 4, "verifier": {"users": 4, "packed": true, "segment": 0}}, {"position": 131084, "rows": 16, "committed": 7, "verifier": {"users": 4, "packed": true, "segment": 0}}, {"position": 131091, "rows": 16, "committed": 7, "verifier": {"users": 4, "packed": true, "segment": 0}}, {"position": 131098, "rows": 16, "committed": 6, "verifier": {"users": 4, "packed": true, "segment": 0}}, {"position": 131104, "rows": 16, "committed": 1, "verifier": {"users": 4, "packed": true, "segment": 0}}, {"position": 131105, "rows": 16, "committed": 10, "verifier": {"users": 4, "packed": true, "segment": 0}}, {"position": 131115, "rows": 16, "committed": 7, "verifier": {"users": 4, "packed": true, "segment": 0}}, {"position": 131122, "rows": 16, "committed": 5, "verifier": {"users": 4, "packed": true, "segment": 0}}, {"position": 131127, "rows": 16, "committed": 7, "verifier": {"users": 4, "packed": true, "segment": 0}}, {"position": 131134, "rows": 16, "committed": 8, "verifier": {"users": 4, "packed": true, "segment": 0}}, {"position": 131142, "rows": 16, "committed": 9, "verifier": {"users": 4, "packed": true, "segment": 0}}, {"position": 131151, "rows": 16, "committed": 5, "verifier": {"users": 4, "packed": true, "segment": 0}}, {"position": 131156, "rows": 16, "committed": 6, "verifier": {"users": 4, "packed": true, "segment": 0}}, {"position": 131162, "rows": 16, "committed": 6, "verifier": {"users": 4, "packed": true, "segment": 0}}, {"position": 131168, "rows": 16, "committed": 1, "verifier": {"users": 4, "packed": true, "segment": 0}}, {"position": 131169, "rows": 16, "committed": 10, "verifier": {"users": 4, "packed": true, "segment": 0}}, {"position": 131179, "rows": 16, "committed": 6, "verifier": {"users": 4, "packed": true, "segment": 0}}, {"position": 131185, "rows": 16, "committed": 6, "verifier": {"users": 4, "packed": true, "segment": 0}}, {"position": 131191, "rows": 16, "committed": 8, "verifier": {"users": 4, "packed": true, "segment": 0}}, {"position": 131199, "rows": 16, "committed": 7, "verifier": {"users": 4, "packed": true, "segment": 0}}, {"position": 131206, "rows": 16, "committed": 10, "verifier": {"users": 4, "packed": true, "segment": 0}}, {"position": 131216, "rows": 16, "committed": 3, "verifier": {"users": 4, "packed": true, "segment": 0}}, {"position": 131219, "rows": 16, "committed": 7, "verifier": {"users": 4, "packed": true, "segment": 0}}, {"position": 131226, "rows": 16, "committed": 9, "verifier": {"users": 4, "packed": true, "segment": 0}}, {"position": 131235, "rows": 16, "committed": 8, "verifier": {"users": 4, "packed": true, "segment": 0}}, {"position": 131243, "rows": 16, "committed": 7, "verifier": {"users": 4, "packed": true, "segment": 0}}, {"position": 131250, "rows": 16, "committed": 5, "verifier": {"users": 4, "packed": true, "segment": 0}}, {"position": 131255, "rows": 16, "committed": 7, "verifier": {"users": 4, "packed": true, "segment": 0}}, {"position": 131262, "rows": 16, "committed": 6, "verifier": {"users": 4, "packed": true, "segment": 0}}, {"position": 131268, "rows": 16, "committed": 4, "verifier": {"users": 4, "packed": true, "segment": 0}}, {"position": 131272, "rows": 16, "committed": 4, "verifier": {"users": 4, "packed": true, "segment": 0}}, {"position": 131276, "rows": 16, "committed": 7, "verifier": {"users": 4, "packed": true, "segment": 0}}, {"position": 131283, "rows": 4, "committed": 4}, {"position": 131287, "rows": 4, "committed": 1}, {"position": 131288, "rows": 4, "committed": 1}, {"position": 131289, "rows": 4, "committed": 1}, {"position": 131290, "rows": 4, "committed": 1}, {"position": 131291, "rows": 4, "committed": 4}, {"position": 131295, "rows": 4, "committed": 4}, {"position": 131299, "rows": 4, "committed": 4}, {"position": 131303, "rows": 4, "committed": 4}, {"position": 131307, "rows": 4, "committed": 4}, {"position": 131311, "rows": 4, "committed": 4}, {"position": 131315, "rows": 4, "committed": 4}, {"position": 131319, "rows": 4, "committed": 4}, {"position": 131323, "rows": 4, "committed": 4}], "cancelled": false, "finished": true, "timing_scope": "Host wall time, existing blocking boundaries; verifier detail is nested", "added_device_fences": false, "performance_qualified": false}
(EngineCore pid=57) INFO 09-23 22:22:35 [core.py:1214] [shutdown] EngineCore: trigger received signal=SIGTERM
(EngineCore pid=57) {"stage": "fast_serving_phases", "blocks": [{"position": 131072, "rows": 16, "committed": 10, "verifier": {"users": 4, "packed": true, "segment": 2}}, {"position": 131082, "rows": 16, "committed": 9, "verifier": {"users": 4, "packed": true, "segment": 2}}, {"position": 131091, "rows": 16, "committed": 6, "verifier": {"users": 4, "packed": true, "segment": 2}}, {"position": 131097, "rows": 16, "committed": 6, "verifier": {"users": 4, "packed": true, "segment": 2}}, {"position": 131103, "rows": 16, "committed": 1, "verifier": {"users": 4, "packed": true, "segment": 2}}, {"position": 131104, "rows": 16, "committed": 10, "verifier": {"users": 4, "packed": true, "segment": 2}}, {"position": 131114, "rows": 16, "committed": 3, "verifier": {"users": 4, "packed": true, "segment": 2}}, {"position": 131117, "rows": 16, "committed": 7, "verifier": {"users": 4, "packed": true, "segment": 2}}, {"position": 131124, "rows": 16, "committed": 4, "verifier": {"users": 4, "packed": true, "segment": 2}}, {"position": 131128, "rows": 16, "committed": 8, "verifier": {"users": 4, "packed": true, "segment": 2}}, {"position": 131136, "rows": 16, "committed": 9, "verifier": {"users": 4, "packed": true, "segment": 2}}, {"position": 131145, "rows": 16, "committed": 10, "verifier": {"users": 4, "packed": true, "segment": 2}}, {"position": 131155, "rows": 16, "committed": 6, "verifier": {"users": 4, "packed": true, "segment": 2}}, {"position": 131161, "rows": 16, "committed": 6, "verifier": {"users": 4, "packed": true, "segment": 2}}, {"position": 131167, "rows": 16, "committed": 1, "verifier": {"users": 4, "packed": true, "segment": 2}}, {"position": 131168, "rows": 16, "committed": 10, "verifier": {"users": 4, "packed": true, "segment": 2}}, {"position": 131178, "rows": 16, "committed": 6, "verifier": {"users": 4, "packed": true, "segment": 2}}, {"position": 131184, "rows": 16, "committed": 6, "verifier": {"users": 4, "packed": true, "segment": 2}}, {"position": 131190, "rows": 16, "committed": 9, "verifier": {"users": 4, "packed": true, "segment": 2}}, {"position": 131199, "rows": 16, "committed": 8, "verifier": {"users": 4, "packed": true, "segment": 2}}, {"position": 131207, "rows": 16, "committed": 4, "verifier": {"users": 4, "packed": true, "segment": 2}}, {"position": 131211, "rows": 16, "committed": 7, "verifier": {"users": 4, "packed": true, "segment": 2}}, {"position": 131218, "rows": 16, "committed": 7, "verifier": {"users": 4, "packed": true, "segment": 2}}, {"position": 131225, "rows": 16, "committed": 6, "verifier": {"users": 4, "packed": true, "segment": 2}}, {"position": 131231, "rows": 16, "committed": 1, "verifier": {"users": 4, "packed": true, "segment": 2}}, {"position": 131232, "rows": 16, "committed": 10, "verifier": {"users": 4, "packed": true, "segment": 2}}, {"position": 131242, "rows": 16, "committed": 7, "verifier": {"users": 4, "packed": true, "segment": 2}}, {"position": 131249, "rows": 16, "committed": 5, "verifier": {"users": 4, "packed": true, "segment": 2}}, {"position": 131254, "rows": 16, "committed": 9, "verifier": {"users": 4, "packed": true, "segment": 2}}, {"position": 131263, "rows": 16, "committed": 8, "verifier": {"users": 4, "packed": true, "segment": 2}}, {"position": 131271, "rows": 16, "committed": 4, "verifier": {"users": 4, "packed": true, "segment": 2}}, {"position": 131275, "rows": 16, "committed": 7, "verifier": {"users": 4, "packed": true, "segment": 2}}, {"position": 131282, "rows": 16, "committed": 7, "verifier": {"users": 4, "packed": true, "segment": 2}}, {"position": 131289, "rows": 4, "committed": 4}, {"position": 131293, "rows": 4, "committed": 1}, {"position": 131294, "rows": 4, "committed": 1}, {"position": 131295, "rows": 4, "committed": 1}, {"position": 131296, "rows": 4, "committed": 1}, {"position": 131297, "rows": 4, "committed": 1}, {"position": 131298, "rows": 4, "committed": 4}, {"position": 131302, "rows": 4, "committed": 4}, {"position": 131306, "rows": 4, "committed": 3}, {"position": 131309, "rows": 4, "committed": 4}, {"position": 131313, "rows": 4, "committed": 4}, {"position": 131317, "rows": 4, "committed": 4}, {"position": 131321, "rows": 4, "committed": 4}, {"position": 131325, "rows": 2, "committed": 2}], "cancelled": false, "finished": true, "timing_scope": "Host wall time, existing blocking boundaries; verifier detail is nested", "added_device_fences": false, "performance_qualified": false}
